Archive member included to satisfy reference by file (symbol)

C:/ST/STM32CubeIDE_1.19.0/STM32CubeIDE/plugins/com.st.stm32cube.ide.mcu.externaltools.gnu-tools-for-stm32.13.3.rel1.win32_1.0.0.202411081344/tools/bin/../lib/gcc/arm-none-eabi/13.3.1/../../../../arm-none-eabi/lib/thumb/v7e-m+fp/hard\libc_nano.a(libc_a-atoi.o)
                              ./Core/Src/sd_functions.o (atoi)
C:/ST/STM32CubeIDE_1.19.0/STM32CubeIDE/plugins/com.st.stm32cube.ide.mcu.externaltools.gnu-tools-for-stm32.13.3.rel1.win32_1.0.0.202411081344/tools/bin/../lib/gcc/arm-none-eabi/13.3.1/../../../../arm-none-eabi/lib/thumb/v7e-m+fp/hard\libc_nano.a(libc_a-exit.o)
                              C:/ST/STM32CubeIDE_1.19.0/STM32CubeIDE/plugins/com.st.stm32cube.ide.mcu.externaltools.gnu-tools-for-stm32.13.3.rel1.win32_1.0.0.202411081344/tools/bin/../lib/gcc/arm-none-eabi/13.3.1/../../../../arm-none-eabi/lib/thumb/v7e-m+fp/hard/crt0.o (exit)
C:/ST/STM32CubeIDE_1.19.0/STM32CubeIDE/plugins/com.st.stm32cube.ide.mcu.externaltools.gnu-tools-for-stm32.13.3.rel1.win32_1.0.0.202411081344/tools/bin/../lib/gcc/arm-none-eabi/13.3.1/../../../../arm-none-eabi/lib/thumb/v7e-m+fp/hard\libc_nano.a(libc_a-strtol.o)
                              C:/ST/STM32CubeIDE_1.19.0/STM32CubeIDE/plugins/com.st.stm32cube.ide.mcu.externaltools.gnu-tools-for-stm32.13.3.rel1.win32_1.0.0.202411081344/tools/bin/../lib/gcc/arm-none-eabi/13.3.1/../../../../arm-none-eabi/lib/thumb/v7e-m+fp/hard\libc_nano.a(libc_a-atoi.o) (_strtol_r)
C:/ST/STM32CubeIDE_1.19.0/STM32CubeIDE/plugins/com.st.stm32cube.ide.mcu.externaltools.gnu-tools-for-stm32.13.3.rel1.win32_1.0.0.202411081344/tools/bin/../lib/gcc/arm-none-eabi/13.3.1/../../../../arm-none-eabi/lib/thumb/v7e-m+fp/hard\libc_nano.a(libc_a-ctype_.o)
                              C:/ST/STM32CubeIDE_1.19.0/STM32CubeIDE/plugins/com.st.stm32cube.ide.mcu.externaltools.gnu-tools-for-stm32.13.3.rel1.win32_1.0.0.202411081344/tools/bin/../lib/gcc/arm-none-eabi/13.3.1/../../../../arm-none-eabi/lib/thumb/v7e-m+fp/hard\libc_nano.a(libc_a-strtol.o) (_ctype_)
C:/ST/STM32CubeIDE_1.19.0/STM32CubeIDE/plugins/com.st.stm32cube.ide.mcu.externaltools.gnu-tools-for-stm32.13.3.rel1.win32_1.0.0.202411081344/tools/bin/../lib/gcc/arm-none-eabi/13.3.1/../../../../arm-none-eabi/lib/thumb/v7e-m+fp/hard\libc_nano.a(libc_a-nano-vfprintf_float.o)
                              (_printf_float)
C:/ST/STM32CubeIDE_1.19.0/STM32CubeIDE/plugins/com.st.stm32cube.ide.mcu.externaltools.gnu-tools-for-stm32.13.3.rel1.win32_1.0.0.202411081344/tools/bin/../lib/gcc/arm-none-eabi/13.3.1/../../../../arm-none-eabi/lib/thumb/v7e-m+fp/hard\libc_nano.a(libc_a-nano-vfprintf_i.o)
                              C:/ST/STM32CubeIDE_1.19.0/STM32CubeIDE/plugins/com.st.stm32cube.ide.mcu.externaltools.gnu-tools-for-stm32.13.3.rel1.win32_1.0.0.202411081344/tools/bin/../lib/gcc/arm-none-eabi/13.3.1/../../../../arm-none-eabi/lib/thumb/v7e-m+fp/hard\libc_nano.a(libc_a-nano-vfprintf_float.o) (_printf_common)
C:/ST/STM32CubeIDE_1.19.0/STM32CubeIDE/plugins/com.st.stm32cube.ide.mcu.externaltools.gnu-tools-for-stm32.13.3.rel1.win32_1.0.0.202411081344/tools/bin/../lib/gcc/arm-none-eabi/13.3.1/../../../../arm-none-eabi/lib/thumb/v7e-m+fp/hard\libc_nano.a(libc_a-findfp.o)
                              C:/ST/STM32CubeIDE_1.19.0/STM32CubeIDE/plugins/com.st.stm32cube.ide.mcu.externaltools.gnu-tools-for-stm32.13.3.rel1.win32_1.0.0.202411081344/tools/bin/../lib/gcc/arm-none-eabi/13.3.1/../../../../arm-none-eabi/lib/thumb/v7e-m+fp/hard\libc_nano.a(libc_a-exit.o) (__stdio_exit_handler)
C:/ST/STM32CubeIDE_1.19.0/STM32CubeIDE/plugins/com.st.stm32cube.ide.mcu.externaltools.gnu-tools-for-stm32.13.3.rel1.win32_1.0.0.202411081344/tools/bin/../lib/gcc/arm-none-eabi/13.3.1/../../../../arm-none-eabi/lib/thumb/v7e-m+fp/hard\libc_nano.a(libc_a-fwalk.o)
                              C:/ST/STM32CubeIDE_1.19.0/STM32CubeIDE/plugins/com.st.stm32cube.ide.mcu.externaltools.gnu-tools-for-stm32.13.3.rel1.win32_1.0.0.202411081344/tools/bin/../lib/gcc/arm-none-eabi/13.3.1/../../../../arm-none-eabi/lib/thumb/v7e-m+fp/hard\libc_nano.a(libc_a-findfp.o) (_fwalk_sglue)
C:/ST/STM32CubeIDE_1.19.0/STM32CubeIDE/plugins/com.st.stm32cube.ide.mcu.externaltools.gnu-tools-for-stm32.13.3.rel1.win32_1.0.0.202411081344/tools/bin/../lib/gcc/arm-none-eabi/13.3.1/../../../../arm-none-eabi/lib/thumb/v7e-m+fp/hard\libc_nano.a(libc_a-printf.o)
                              ./Core/Src/main.o (printf)
C:/ST/STM32CubeIDE_1.19.0/STM32CubeIDE/plugins/com.st.stm32cube.ide.mcu.externaltools.gnu-tools-for-stm32.13.3.rel1.win32_1.0.0.202411081344/tools/bin/../lib/gcc/arm-none-eabi/13.3.1/../../../../arm-none-eabi/lib/thumb/v7e-m+fp/hard\libc_nano.a(libc_a-puts.o)
                              ./Core/Src/main.o (puts)
[...]
Memory Configuration

Name             Origin             Length             Attributes
RAM              0x20000000         0x00030000         xrw
RAM2             0x10000000         0x00010000         xrw
RAM3             0x20040000         0x00060000         xrw
FLASH            0x08000000         0x00200000         xr
*default*        0x00000000         0xffffffff

Linker script and memory map

LOAD C:/ST/STM32CubeIDE_1.19.0/STM32CubeIDE/plugins/com.st.stm32cube.ide.mcu.externaltools.gnu-tools-for-stm32.13.3.rel1.win32_1.0.0.202411081344/tools/bin/../lib/gcc/arm-none-eabi/13.3.1/thumb/v7e-m+fp/hard/crti.o
LOAD C:/ST/STM32CubeIDE_1.19.0/STM32CubeIDE/plugins/com.st.stm32cube.ide.mcu.externaltools.gnu-tools-for-stm32.13.3.rel1.win32_1.0.0.202411081344/tools/bin/../lib/gcc/arm-none-eabi/13.3.1/thumb/v7e-m+fp/hard/crtbegin.o
LOAD C:/ST/STM32CubeIDE_1.19.0/STM32CubeIDE/plugins/com.st.stm32cube.ide.mcu.externaltools.gnu-tools-for-stm32.13.3.rel1.win32_1.0.0.202411081344/tools/bin/../lib/gcc/arm-none-eabi/13.3.1/../../../../arm-none-eabi/lib/thumb/v7e-m+fp/hard/crt0.o
LOAD ./Core/Src/User_Elena.o
LOAD ./Core/Src/User_George.o
LOAD ./Core/Src/User_Kevin.o
LOAD ./Core/Src/User_Nithya.o
LOAD ./Core/Src/fingerprint.o
LOAD ./Core/Src/fingerprint1.o
LOAD ./Core/Src/fingerprint2.o
LOAD ./Core/Src/fingerprint3.o
LOAD ./Core/Src/fingerprint4.o
LOAD ./Core/Src/gpio.o
LOAD ./Core/Src/happyturtle.o
LOAD ./Core/Src/ili9488.o
LOAD ./Core/Src/ili9488_gfx.o
LOAD ./Core/Src/main.o
LOAD ./Core/Src/menu.o
LOAD ./Core/Src/newmenu.o
LOAD ./Core/Src/pond_bg.o
LOAD ./Core/Src/sadturtle.o
LOAD ./Core/Src/sd_benchmark.o
LOAD ./Core/Src/sd_diskio_spi.o
LOAD ./Core/Src/sd_functions.o
LOAD ./Core/Src/sd_spi.o
LOAD ./Core/Src/stm32l4xx_hal_msp.o
LOAD ./Core/Src/stm32l4xx_it.o
LOAD ./Core/Src/syscalls.o
LOAD ./Core/Src/sysmem.o
LOAD ./Core/Src/system_stm32l4xx.o
LOAD ./Core/Src/turtle.o
LOAD ./Core/Src/user_manasa.o
LOAD ./Core/Src/xpt2046.o
LOAD ./Core/Startup/startup_stm32l4r5zitxp.o
LOAD ./Drivers/STM32L4xx_HAL_Driver/Src/stm32l4xx_hal.o
LOAD ./Drivers/STM32L4xx_HAL_Driver/Src/stm32l4xx_hal_cortex.o
LOAD ./Drivers/STM32L4xx_HAL_Driver/Src/stm32l4xx_hal_dac.o
LOAD ./Drivers/STM32L4xx_HAL_Driver/Src/stm32l4xx_hal_dac_ex.o
LOAD ./Drivers/STM32L4xx_HAL_Driver/Src/stm32l4xx_hal_dma.o
LOAD ./Drivers/STM32L4xx_HAL_Driver/Src/stm32l4xx_hal_dma_ex.o
LOAD ./Drivers/STM32L4xx_HAL_Driver/Src/stm32l4xx_hal_exti.o
LOAD ./Drivers/STM32L4xx_HAL_Driver/Src/stm32l4xx_hal_flash.o
LOAD ./Drivers/STM32L4xx_HAL_Driver/Src/stm32l4xx_hal_flash_ex.o
LOAD ./Drivers/STM32L4xx_HAL_Driver/Src/stm32l4xx_hal_flash_ramfunc.o
LOAD ./Drivers/STM32L4xx_HAL_Driver/Src/stm32l4xx_hal_gpio.o
LOAD ./Drivers/STM32L4xx_HAL_Driver/Src/stm32l4xx_hal_i2c.o
LOAD ./Drivers/STM32L4xx_HAL_Driver/Src/stm32l4xx_hal_i2c_ex.o
LOAD ./Drivers/STM32L4xx_HAL_Driver/Src/stm32l4xx_hal_pwr.o
LOAD ./Drivers/STM32L4xx_HAL_Driver/Src/stm32l4xx_hal_pwr_ex.o
LOAD ./Drivers/STM32L4xx_HAL_Driver/Src/stm32l4xx_hal_rcc.o
LOAD ./Drivers/STM32L4xx_HAL_Driver/Src/stm32l4xx_hal_rcc_ex.o
LOAD ./Drivers/STM32L4xx_HAL_Driver/Src/stm32l4xx_hal_rtc.o
LOAD ./Drivers/STM32L4xx_HAL_Driver/Src/stm32l4xx_hal_rtc_ex.o
LOAD ./Drivers/STM32L4xx_HAL_Driver/Src/stm32l4xx_hal_spi.o
LOAD ./Drivers/STM32L4xx_HAL_Driver/Src/stm32l4xx_hal_spi_ex.o
LOAD ./Drivers/STM32L4xx_HAL_Driver/Src/stm32l4xx_hal_tim.o
LOAD ./Drivers/STM32L4xx_HAL_Driver/Src/stm32l4xx_hal_tim_ex.o
LOAD ./Drivers/STM32L4xx_HAL_Driver/Src/stm32l4xx_hal_uart.o
LOAD ./Drivers/STM32L4xx_HAL_Driver/Src/stm32l4xx_hal_uart_ex.o
LOAD ./FATFS/App/fatfs.o
LOAD ./FATFS/Target/user_diskio.o
LOAD ./Middlewares/Third_Party/FatFs/src/diskio.o
LOAD ./Middlewares/Third_Party/FatFs/src/ff.o
LOAD ./Middlewares/Third_Party/FatFs/src/ff_gen_drv.o
LOAD ./Middlewares/Third_Party/FatFs/src/option/syscall.o
START GROUP
LOAD C:/ST/STM32CubeIDE_1.19.0/STM32CubeIDE/plugins/com.st.stm32cube.ide.mcu.externaltools.gnu-tools-for-stm32.13.3.rel1.win32_1.0.0.202411081344/tools/bin/../lib/gcc/arm-none-eabi/13.3.1/../../../../arm-none-eabi/lib/thumb/v7e-m+fp/hard\libc_nano.a
LOAD C:/ST/STM32CubeIDE_1.19.0/STM32CubeIDE/plugins/com.st.stm32cube.ide.mcu.externaltools.gnu-tools-for-stm32.13.3.rel1.win32_1.0.0.202411081344/tools/bin/../lib/gcc/arm-none-eabi/13.3.1/../../../../arm-none-eabi/lib/thumb/v7e-m+fp/hard\libm.a
END GROUP
START GROUP
LOAD C:/ST/STM32CubeIDE_1.19.0/STM32CubeIDE/plugins/com.st.stm32cube.ide.mcu.externaltools.gnu-tools-for-stm32.13.3.rel1.win32_1.0.0.202411081344/tools/bin/../lib/gcc/arm-none-eabi/13.3.1/thumb/v7e-m+fp/hard\libgcc.a
LOAD C:/ST/STM32CubeIDE_1.19.0/STM32CubeIDE/plugins/com.st.stm32cube.ide.mcu.externaltools.gnu-tools-for-stm32.13.3.rel1.win32_1.0.0.202411081344/tools/bin/../lib/gcc/arm-none-eabi/13.3.1/../../../../arm-none-eabi/lib/thumb/v7e-m+fp/hard\libc_nano.a
END GROUP
START GROUP
LOAD C:/ST/STM32CubeIDE_1.19.0/STM32CubeIDE/plugins/com.st.stm32cube.ide.mcu.externaltools.gnu-tools-for-stm32.13.3.rel1.win32_1.0.0.202411081344/tools/bin/../lib/gcc/arm-none-eabi/13.3.1/thumb/v7e-m+fp/hard\libgcc.a
LOAD C:/ST/STM32CubeIDE_1.19.0/STM32CubeIDE/plugins/com.st.stm32cube.ide.mcu.externaltools.gnu-tools-for-stm32.13.3.rel1.win32_1.0.0.202411081344/tools/bin/../lib/gcc/arm-none-eabi/13.3.1/../../../../arm-none-eabi/lib/thumb/v7e-m+fp/hard\libc_nano.a
LOAD C:/ST/STM32CubeIDE_1.19.0/STM32CubeIDE/plugins/com.st.stm32cube.ide.mcu.externaltools.gnu-tools-for-stm32.13.3.rel1.win32_1.0.0.202411081344/tools/bin/../lib/gcc/arm-none-eabi/13.3.1/../../../../arm-none-eabi/lib/thumb/v7e-m+fp/hard\libnosys.a
END GROUP
START GROUP
LOAD C:/ST/STM32CubeIDE_1.19.0/STM32CubeIDE/plugins/com.st.stm32cube.ide.mcu.externaltools.gnu-tools-for-stm32.13.3.rel1.win32_1.0.0.202411081344/tools/bin/../lib/gcc/arm-none-eabi/13.3.1/thumb/v7e-m+fp/hard\libgcc.a
LOAD C:/ST/STM32CubeIDE_1.19.0/STM32CubeIDE/plugins/com.st.stm32cube.ide.mcu.externaltools.gnu-tools-for-stm32.13.3.rel1.win32_1.0.0.202411081344/tools/bin/../lib/gcc/arm-none-eabi/13.3.1/../../../../arm-none-eabi/lib/thumb/v7e-m+fp/hard\libc_nano.a
LOAD C:/ST/STM32CubeIDE_1.19.0/STM32CubeIDE/plugins/com.st.stm32cube.ide.mcu.externaltools.gnu-tools-for-stm32.13.3.rel1.win32_1.0.0.202411081344/tools/bin/../lib/gcc/arm-none-eabi/13.3.1/../../../../arm-none-eabi/lib/thumb/v7e-m+fp/hard\libnosys.a
END GROUP
LOAD C:/ST/STM32CubeIDE_1.19.0/STM32CubeIDE/plugins/com.st.stm32cube.ide.mcu.externaltools.gnu-tools-for-stm32.13.3.rel1.win32_1.0.0.202411081344/tools/bin/../lib/gcc/arm-none-eabi/13.3.1/thumb/v7e-m+fp/hard/crtend.o
LOAD C:/ST/STM32CubeIDE_1.19.0/STM32CubeIDE/plugins/com.st.stm32cube.ide.mcu.externaltools.gnu-tools-for-stm32.13.3.rel1.win32_1.0.0.202411081344/tools/bin/../lib/gcc/arm-none-eabi/13.3.1/thumb/v7e-m+fp/hard/crtn.o
                0x200a0000                        _estack = (ORIGIN (RAM3) + LENGTH (RAM3))
                0x00000200                        _Min_Heap_Size = 0x200
                0x00000400                        _Min_Stack_Size = 0x400

.isr_vector     0x08000000      0x1bc
                0x08000000                        . = ALIGN (0x4)
 *(.isr_vector)
 .isr_vector    0x08000000      0x1bc ./Core/Startup/startup_stm32l4r5zitxp.o
                0x08000000                g_pfnVectors
                0x080001bc                        . = ALIGN (0x4)

.text           0x080001c0    0x1545c
                0x080001c0                        . = ALIGN (0x4)
 *(.text)
 .text          0x080001c0       0x40 C:/ST/STM32CubeIDE_1.19.0/STM32CubeIDE/plugins/com.st.stm32cube.ide.mcu.externaltools.gnu-tools-for-stm32.13.3.rel1.win32_1.0.0.202411081344/tools/bin/../lib/gcc/arm-none-eabi/13.3.1/thumb/v7e-m+fp/hard/crtbegin.o
 .text          0x08000200       0x14 C:/ST/STM32CubeIDE_1.19.0/STM32CubeIDE/plugins/com.st.stm32cube.ide.mcu.externaltools.gnu-tools-for-stm32.13.3.rel1.win32_1.0.0.202411081344/tools/bin/../lib/gcc/arm-none-eabi/13.3.1/../../../../arm-none-eabi/lib/thumb/v7e-m+fp/hard\libc_nano.a(libc_a-strcmp.o)
                0x08000200                strcmp
 *fill*         0x08000214        0xc 
 .text          0x08000220       0xa0 C:/ST/STM32CubeIDE_1.19.0/STM32CubeIDE/plugins/com.st.stm32cube.ide.mcu.externaltools.gnu-tools-for-stm32.13.3.rel1.win32_1.0.0.202411081344/tools/bin/../lib/gcc/arm-none-eabi/13.3.1/../../../../arm-none-eabi/lib/thumb/v7e-m+fp/hard\libc_nano.a(libc_a-memchr.o)
                0x08000220                memchr
 .text          0x080002c0       0x10 C:/ST/STM32CubeIDE_1.19.0/STM32CubeIDE/plugins/com.st.stm32cube.ide.mcu.externaltools.gnu-tools-for-stm32.13.3.rel1.win32_1.0.0.202411081344/tools/bin/../lib/gcc/arm-none-eabi/13.3.1/../../../../arm-none-eabi/lib/thumb/v7e-m+fp/hard\libc_nano.a(libc_a-strlen.o)
                0x080002c0                strlen
 .text          0x080002d0      0x378 C:/ST/STM32CubeIDE_1.19.0/STM32CubeIDE/plugins/com.st.stm32cube.ide.mcu.externaltools.gnu-tools-for-stm32.13.3.rel1.win32_1.0.0.202411081344/tools/bin/../lib/gcc/arm-none-eabi/13.3.1/thumb/v7e-m+fp/hard\libgcc.a(_arm_addsubdf3.o)
                0x080002d0                __aeabi_drsub
                0x080002d8                __aeabi_dsub
                0x080002d8                __subdf3
                0x080002dc                __aeabi_dadd
                0x080002dc                __adddf3
                0x08000554                __floatunsidf
                0x08000554                __aeabi_ui2d
                0x08000574                __floatsidf
                0x08000574                __aeabi_i2d
                0x08000598                __aeabi_f2d
                0x08000598                __extendsfdf2
                0x080005dc                __floatundidf
                0x080005dc                __aeabi_ul2d
                0x080005ec                __floatdidf
                0x080005ec                __aeabi_l2d
 .text          0x08000648      0x424 C:/ST/STM32CubeIDE_1.19.0/STM32CubeIDE/plugins/com.st.stm32cube.ide.mcu.externaltools.gnu-tools-for-stm32.13.3.rel1.win32_1.0.0.202411081344/tools/bin/../lib/gcc/arm-none-eabi/13.3.1/thumb/v7e-m+fp/hard\libgcc.a(_arm_muldivdf3.o)
                0x08000648                __aeabi_dmul
                0x08000648                __muldf3
                0x0800089c                __divdf3
                0x0800089c                __aeabi_ddiv
 .text          0x08000a6c      0x110 C:/ST/STM32CubeIDE_1.19.0/STM32CubeIDE/plugins/com.st.stm32cube.ide.mcu.externaltools.gnu-tools-for-stm32.13.3.rel1.win32_1.0.0.202411081344/tools/bin/../lib/gcc/arm-none-eabi/13.3.1/thumb/v7e-m+fp/hard\libgcc.a(_arm_cmpdf2.o)
                0x08000a6c                __gtdf2
                0x08000a6c                __gedf2
                0x08000a74                __ltdf2
                0x08000a74                __ledf2
                0x08000a7c                __nedf2
                0x08000a7c                __eqdf2
                0x08000a7c                __cmpdf2
                0x08000af8                __aeabi_cdrcmple
                0x08000b08                __aeabi_cdcmpeq
                0x08000b08                __aeabi_cdcmple
                0x08000b18                __aeabi_dcmpeq
                0x08000b2c                __aeabi_dcmplt
                0x08000b40                __aeabi_dcmple
                0x08000b54                __aeabi_dcmpge
                0x08000b68                __aeabi_dcmpgt
 .text          0x08000b7c       0x2c C:/ST/STM32CubeIDE_1.19.0/STM32CubeIDE/plugins/com.st.stm32cube.ide.mcu.externaltools.gnu-tools-for-stm32.13.3.rel1.win32_1.0.0.202411081344/tools/bin/../lib/gcc/arm-none-eabi/13.3.1/thumb/v7e-m+fp/hard\libgcc.a(_arm_unorddf2.o)
                0x08000b7c                __unorddf2
                0x08000b7c                __aeabi_dcmpun
 .text          0x08000ba8       0x50 C:/ST/STM32CubeIDE_1.19.0/STM32CubeIDE/plugins/com.st.stm32cube.ide.mcu.externaltools.gnu-tools-for-stm32.13.3.rel1.win32_1.0.0.202411081344/tools/bin/../lib/gcc/arm-none-eabi/13.3.1/thumb/v7e-m+fp/hard\libgcc.a(_arm_fixdfsi.o)
                0x08000ba8                __aeabi_d2iz
                0x08000ba8                __fixdfsi
 .text          0x08000bf8       0x30 C:/ST/STM32CubeIDE_1.19.0/STM32CubeIDE/plugins/com.st.stm32cube.ide.mcu.externaltools.gnu-tools-for-stm32.13.3.rel1.win32_1.0.0.202411081344/tools/bin/../lib/gcc/arm-none-eabi/13.3.1/thumb/v7e-m+fp/hard\libgcc.a(_aeabi_uldivmod.o)
                0x08000bf8                __aeabi_uldivmod
 .text          0x08000c28      0x2f8 C:/ST/STM32CubeIDE_1.19.0/STM32CubeIDE/plugins/com.st.stm32cube.ide.mcu.externaltools.gnu-tools-for-stm32.13.3.rel1.win32_1.0.0.202411081344/tools/bin/../lib/gcc/arm-none-eabi/13.3.1/thumb/v7e-m+fp/hard\libgcc.a(_udivmoddi4.o)
                0x08000c28                __udivmoddi4
 .text          0x08000f20        0x4 C:/ST/STM32CubeIDE_1.19.0/STM32CubeIDE/plugins/com.st.stm32cube.ide.mcu.externaltools.gnu-tools-for-stm32.13.3.rel1.win32_1.0.0.202411081344/tools/bin/../lib/gcc/arm-none-eabi/13.3.1/thumb/v7e-m+fp/hard\libgcc.a(_dvmd_tls.o)
                0x08000f20                __aeabi_idiv0
                0x08000f20                __aeabi_ldiv0
 *(.text*)
 .text.Fingerprint_Init
                0x08000f24       0x1c ./Core/Src/fingerprint.o
                0x08000f24                Fingerprint_Init
 .text.sendPacket
                0x08000f40       0xc8 ./Core/Src/fingerprint.o
 .text.Fingerprint_GetImage
                0x08001008       0x4a ./Core/Src/fingerprint.o
                0x08001008                Fingerprint_GetImage
 .text.Fingerprint_Image2Tz
                0x08001052       0x48 ./Core/Src/fingerprint.o
                0x08001052                Fingerprint_Image2Tz
 .text.Fingerprint_RegModel
                0x0800109a       0x40 ./Core/Src/fingerprint.o
                0x0800109a                Fingerprint_RegModel
 .text.Fingerprint_Store
                0x080010da       0x58 ./Core/Src/fingerprint.o
                0x080010da                Fingerprint_Store
 *fill*         0x08001132        0x2 
 .text.Fingerprint_FastSearch
                0x08001134       0x90 ./Core/Src/fingerprint.o
                0x08001134                Fingerprint_FastSearch
 .text.Fingerprint_EmptyDatabase
                0x080011c4       0x40 ./Core/Src/fingerprint.o
                0x080011c4                Fingerprint_EmptyDatabase
 .text.spi_write_byte
                0x08001204       0x24 ./Core/Src/ili9488.o
 .text.write_cmd
                0x08001228       0x40 ./Core/Src/ili9488.o
 .text.write_data
                0x08001268       0x40 ./Core/Src/ili9488.o
 .text.set_address_window
                0x080012a8       0x98 ./Core/Src/ili9488.o
                0x080012a8                set_address_window
 .text.ILI9488_Init
                0x08001340      0x1d0 ./Core/Src/ili9488.o
                0x08001340                ILI9488_Init
 .text.ILI9488_DrawPixel
                0x08001510       0x80 ./Core/Src/ili9488.o
                0x08001510                ILI9488_DrawPixel
 .text.ILI9488_FillRect
                0x08001590      0x228 ./Core/Src/ili9488.o
                0x08001590                ILI9488_FillRect
 .text.ILI9488_FillScreen
                0x080017b8       0x24 ./Core/Src/ili9488.o
                0x080017b8                ILI9488_FillScreen
 .text.ILI9488_DrawChar
                0x080017dc       0xfc ./Core/Src/ili9488_gfx.o
                0x080017dc                ILI9488_DrawChar
 .text.ILI9488_DrawString
                0x080018d8       0x5e ./Core/Src/ili9488_gfx.o
                0x080018d8                ILI9488_DrawString
 .text.ILI9488_DrawStringCentered
                0x08001936       0xba ./Core/Src/ili9488_gfx.o
                0x08001936                ILI9488_DrawStringCentered
 .text.ILI9488_FillRoundRect
                0x080019f0      0x1d6 ./Core/Src/ili9488_gfx.o
                0x080019f0                ILI9488_FillRoundRect
 .text.ILI9488_DrawHLine
                0x08001bc6       0x2c ./Core/Src/ili9488_gfx.o
                0x08001bc6                ILI9488_DrawHLine
 .text.ILI9488_DrawVLine
                0x08001bf2       0x2e ./Core/Src/ili9488_gfx.o
                0x08001bf2                ILI9488_DrawVLine
 .text.move_steps_pwm
                0x08001c20       0x40 ./Core/Src/main.o
                0x08001c20                move_steps_pwm
 .text.minutes_of_day
                0x08001c60       0x26 ./Core/Src/main.o
 *fill*         0x08001c86        0x2 
 .text.get_active_schedule_start_minute
                0x08001c88       0x3c ./Core/Src/main.o
 .text.medication_due_now
                0x08001cc4       0x3c ./Core/Src/main.o
 .text.medication_overdue_now
                0x08001d00       0x44 ./Core/Src/main.o
 .text.medication_late_minutes
                0x08001d44       0x3c ./Core/Src/main.o
 .text.Audio_Stop
                0x08001d80       0x30 ./Core/Src/main.o
                0x08001d80                Audio_Stop
 .text.push_dose_history
                0x08001db0       0x90 ./Core/Src/main.o
 .text.reset_daily_dose_state
                0x08001e40       0x38 ./Core/Src/main.o
 .text.rollover_daily_dose_if_needed
                0x08001e78       0x80 ./Core/Src/main.o
 .text.record_dispense
                0x08001ef8       0xc8 ./Core/Src/main.o
 .text.HAL_TIM_PeriodElapsedCallback
                0x08001fc0       0x58 ./Core/Src/main.o
                0x08001fc0                HAL_TIM_PeriodElapsedCallback
 .text.HAL_DAC_ConvCpltCallbackCh1
                0x08002018       0x28 ./Core/Src/main.o
                0x08002018                HAL_DAC_ConvCpltCallbackCh1
 .text.Audio_Play
                0x08002040       0x5c ./Core/Src/main.o
                0x08002040                Audio_Play
 .text.Audio_PlayFile
                0x0800209c      0x374 ./Core/Src/main.o
                0x0800209c                Audio_PlayFile
 .text.HAL_GPIO_EXTI_Callback
                0x08002410       0x28 ./Core/Src/main.o
                0x08002410                HAL_GPIO_EXTI_Callback
 .text.main     0x08002438     0x1964 ./Core/Src/main.o
                0x08002438                main
 .text.SystemClock_Config
                0x08003d9c       0xa6 ./Core/Src/main.o
                0x08003d9c                SystemClock_Config
 *fill*         0x08003e42        0x2 
 .text.MX_DAC1_Init
                0x08003e44       0x68 ./Core/Src/main.o
 .text.MX_LPUART1_UART_Init
                0x08003eac       0x98 ./Core/Src/main.o
 .text.MX_UART4_Init
                0x08003f44       0x98 ./Core/Src/main.o
 .text.MX_USART1_UART_Init
                0x08003fdc       0x98 ./Core/Src/main.o
 .text.MX_RTC_Init
                0x08004074       0xb8 ./Core/Src/main.o
 .text.MX_SPI1_Init
                0x0800412c       0x7c ./Core/Src/main.o
 .text.MX_SPI2_Init
                0x080041a8       0x7c ./Core/Src/main.o
 .text.MX_SPI3_Init
                0x08004224       0x7c ./Core/Src/main.o
 .text.MX_TIM4_Init
                0x080042a0       0xf0 ./Core/Src/main.o
 .text.MX_TIM6_Init
                0x08004390       0x6c ./Core/Src/main.o
 .text.MX_DMA_Init
                0x080043fc       0x84 ./Core/Src/main.o
 .text.MX_GPIO_Init
                0x08004480      0x4d4 ./Core/Src/main.o
 .text.__io_putchar
                0x08004954       0x24 ./Core/Src/main.o
                0x08004954                __io_putchar
 .text.Error_Handler
                0x08004978        0xc ./Core/Src/main.o
                0x08004978                Error_Handler
 .text.draw_bmp_scaled
                0x08004984      0x1f0 ./Core/Src/menu.o
                0x08004984                draw_bmp_scaled
 .text.format_keypad_entry
                0x08004b74       0x70 ./Core/Src/menu.o
 .text.format_display_time
                0x08004be4       0x68 ./Core/Src/menu.o
 .text.dose_status_color
                0x08004c4c       0x44 ./Core/Src/menu.o
 .text.format_next_dose
                0x08004c90       0x30 ./Core/Src/menu.o
 .text.draw_name_status
                0x08004cc0       0x4c ./Core/Src/menu.o
 .text.format_meds_entry
                0x08004d0c       0x70 ./Core/Src/menu.o
 .text.draw_button
                0x08004d7c       0x60 ./Core/Src/menu.o
 .text.draw_name_key
                0x08004ddc       0x60 ./Core/Src/menu.o
 .text.draw_refill_status
                0x08004e3c       0xf0 ./Core/Src/menu.o
 .text.draw_next_med_time
                0x08004f2c       0x58 ./Core/Src/menu.o
 .text.draw_stats_tabs
                0x08004f84       0x88 ./Core/Src/menu.o
 .text.draw_dose_history_chart
                0x0800500c      0x19c ./Core/Src/menu.o
 .text.draw_system_stats
                0x080051a8      0x2b4 ./Core/Src/menu.o
 .text.draw_history_stats
                0x0800545c      0x188 ./Core/Src/menu.o
 .text.draw_user_stats
                0x080055e4      0x35c ./Core/Src/menu.o
 .text.Menu_Draw
                0x08005940       0xc4 ./Core/Src/menu.o
                0x08005940                Menu_Draw
 .text.Menu_UpdateClock
                0x08005a04       0xd4 ./Core/Src/menu.o
                0x08005a04                Menu_UpdateClock
 .text.Menu_HandleTouch
                0x08005ad8      0x108 ./Core/Src/menu.o
                0x08005ad8                Menu_HandleTouch
 .text.Screen_Settings_Draw
                0x08005be0       0xd4 ./Core/Src/menu.o
                0x08005be0                Screen_Settings_Draw
 .text.Screen_Settings_HandleTouch
                0x08005cb4      0x180 ./Core/Src/menu.o
                0x08005cb4                Screen_Settings_HandleTouch
 .text.Screen_ChangeVoice_Draw
                0x08005e34       0xd4 ./Core/Src/menu.o
                0x08005e34                Screen_ChangeVoice_Draw
 .text.Screen_ChangeVoice_HandleTouch
                0x08005f08      0x21c ./Core/Src/menu.o
                0x08005f08                Screen_ChangeVoice_HandleTouch
 .text.Screen_SetTime_Draw
                0x08006124      0x11c ./Core/Src/menu.o
                0x08006124                Screen_SetTime_Draw
 .text.Screen_SetTime_UpdateEntry
                0x08006240       0x44 ./Core/Src/menu.o
                0x08006240                Screen_SetTime_UpdateEntry
 .text.Screen_SetTime_HandleTouch
                0x08006284       0x64 ./Core/Src/menu.o
                0x08006284                Screen_SetTime_HandleTouch
 .text.Screen_Verify_Draw
                0x080062e8       0xa0 ./Core/Src/menu.o
                0x080062e8                Screen_Verify_Draw
 .text.Screen_Verify_HandleTouch
                0x08006388       0xe4 ./Core/Src/menu.o
                0x08006388                Screen_Verify_HandleTouch
 .text.Screen_Fingerprint_Draw
                0x0800646c       0x8c ./Core/Src/menu.o
                0x0800646c                Screen_Fingerprint_Draw
 .text.Screen_SetEnrollStep
                0x080064f8       0x5c ./Core/Src/menu.o
                0x080064f8                Screen_SetEnrollStep
 .text.Screen_Fingerprint_SetStatus
                0x08006554      0x138 ./Core/Src/menu.o
                0x08006554                Screen_Fingerprint_SetStatus
 .text.Screen_FK_HandleTouch
                0x0800668c       0x64 ./Core/Src/menu.o
                0x0800668c                Screen_FK_HandleTouch
 .text.Screen_Keypad_Draw
                0x080066f0      0x160 ./Core/Src/menu.o
                0x080066f0                Screen_Keypad_Draw
 .text.Screen_VerifyToAdd_Draw
                0x08006850       0xfc ./Core/Src/menu.o
                0x08006850                Screen_VerifyToAdd_Draw
 .text.Screen_Keypad_UpdateEntry
                0x0800694c       0x90 ./Core/Src/menu.o
                0x0800694c                Screen_Keypad_UpdateEntry
 .text.Screen_AddUser_Draw
                0x080069dc       0x6c ./Core/Src/menu.o
                0x080069dc                Screen_AddUser_Draw
 .text.Screen_SetMeds_Draw
                0x08006a48       0xf4 ./Core/Src/menu.o
                0x08006a48                Screen_SetMeds_Draw
 .text.Screen_SetMeds_UpdateEntry
                0x08006b3c       0x44 ./Core/Src/menu.o
                0x08006b3c                Screen_SetMeds_UpdateEntry
 .text.Screen_SetMeds_HandleTouch
                0x08006b80       0x64 ./Core/Src/menu.o
                0x08006b80                Screen_SetMeds_HandleTouch
 .text.Screen_SetMessage
                0x08006be4       0x4c ./Core/Src/menu.o
                0x08006be4                Screen_SetMessage
 .text.Screen_AddVerify_HandleTouch
                0x08006c30       0x64 ./Core/Src/menu.o
                0x08006c30                Screen_AddVerify_HandleTouch
 .text.Screen_KeypadAdd_HandleTouch
                0x08006c94       0x90 ./Core/Src/menu.o
                0x08006c94                Screen_KeypadAdd_HandleTouch
 .text.Screen_ViewStats_Draw
                0x08006d24       0x94 ./Core/Src/menu.o
                0x08006d24                Screen_ViewStats_Draw
 .text.Screen_ViewStats_HandleTouch
                0x08006db8      0x184 ./Core/Src/menu.o
                0x08006db8                Screen_ViewStats_HandleTouch
 .text.Screen_RefillPrompt_Draw
                0x08006f3c       0xe4 ./Core/Src/menu.o
                0x08006f3c                Screen_RefillPrompt_Draw
 .text.Screen_RefillPrompt_HandleTouch
                0x08007020       0xb4 ./Core/Src/menu.o
                0x08007020                Screen_RefillPrompt_HandleTouch
 .text.Screen_NameEntry_Draw
                0x080070d4      0x2b8 ./Core/Src/menu.o
                0x080070d4                Screen_NameEntry_Draw
 .text.Screen_NameEntry_Update
                0x0800738c       0x7c ./Core/Src/menu.o
                0x0800738c                Screen_NameEntry_Update
 .text.Screen_NameEntry_HandleTouch
                0x08007408      0x4fc ./Core/Src/menu.o
                0x08007408                Screen_NameEntry_HandleTouch
 .text.ILI9488_FillCircle
                0x08007904      0x142 ./Core/Src/pond_bg.o
                0x08007904                ILI9488_FillCircle
 .text.ILI9488_FillEllipse
                0x08007a46       0xfa ./Core/Src/pond_bg.o
                0x08007a46                ILI9488_FillEllipse
 .text.draw_lilypad
                0x08007b40       0x70 ./Core/Src/pond_bg.o
 .text.draw_lotus
                0x08007bb0       0xa0 ./Core/Src/pond_bg.o
 .text.draw_ripple
                0x08007c50       0xc8 ./Core/Src/pond_bg.o
 .text.Pond_DrawMainBG
                0x08007d18      0x100 ./Core/Src/pond_bg.o
                0x08007d18                Pond_DrawMainBG
 .text.SD_disk_status
                0x08007e18       0x22 ./Core/Src/sd_diskio_spi.o
                0x08007e18                SD_disk_status
 .text.SD_disk_initialize
                0x08007e3a       0x2c ./Core/Src/sd_diskio_spi.o
                0x08007e3a                SD_disk_initialize
 *fill*         0x08007e66        0x2 
 .text.SD_disk_read
                0x08007e68       0x50 ./Core/Src/sd_diskio_spi.o
                0x08007e68                SD_disk_read
 .text.SD_disk_write
                0x08007eb8       0x50 ./Core/Src/sd_diskio_spi.o
                0x08007eb8                SD_disk_write
 .text.SD_disk_ioctl
                0x08007f08       0x6c ./Core/Src/sd_diskio_spi.o
                0x08007f08                SD_disk_ioctl
 .text.sd_get_space_kb
                0x08007f74       0x68 ./Core/Src/sd_functions.o
                0x08007f74                sd_get_space_kb
 .text.sd_mount
                0x08007fdc      0x104 ./Core/Src/sd_functions.o
                0x08007fdc                sd_mount
 .text.sd_unmount
                0x080080e0       0x58 ./Core/Src/sd_functions.o
                0x080080e0                sd_unmount
 .text.HAL_SPI_TxCpltCallback
                0x08008138       0x2c ./Core/Src/sd_spi.o
                0x08008138                HAL_SPI_TxCpltCallback
 .text.HAL_SPI_TxRxCpltCallback
                0x08008164       0x2c ./Core/Src/sd_spi.o
                0x08008164                HAL_SPI_TxRxCpltCallback
 .text.SD_TransmitByte
                0x08008190       0x24 ./Core/Src/sd_spi.o
 .text.SD_ReceiveByte
                0x080081b4       0x30 ./Core/Src/sd_spi.o
 .text.SD_TransmitBuffer
                0x080081e4       0x3c ./Core/Src/sd_spi.o
 .text.SD_ReceiveBuffer
                0x08008220       0x5c ./Core/Src/sd_spi.o
 .text.SD_WaitReady
                0x0800827c       0x3a ./Core/Src/sd_spi.o
 .text.SD_SendCommand
                0x080082b6       0x82 ./Core/Src/sd_spi.o
 .text.sd_is_sdhc
                0x08008338       0x18 ./Core/Src/sd_spi.o
                0x08008338                sd_is_sdhc
 .text.SD_SPI_Init
                0x08008350      0x1fc ./Core/Src/sd_spi.o
                0x08008350                SD_SPI_Init
 .text.SD_ReadBlocks
                0x0800854c       0xd8 ./Core/Src/sd_spi.o
                0x0800854c                SD_ReadBlocks
 .text.SD_ReadMultiBlocks
                0x08008624       0xe0 ./Core/Src/sd_spi.o
                0x08008624                SD_ReadMultiBlocks
 .text.SD_WriteBlocks
                0x08008704       0xd4 ./Core/Src/sd_spi.o
                0x08008704                SD_WriteBlocks
 .text.SD_WriteMultiBlocks
                0x080087d8       0xe4 ./Core/Src/sd_spi.o
                0x080087d8                SD_WriteMultiBlocks
 .text.HAL_MspInit
                0x080088bc       0x48 ./Core/Src/stm32l4xx_hal_msp.o
                0x080088bc                HAL_MspInit
 .text.HAL_DAC_MspInit
                0x08008904       0xdc ./Core/Src/stm32l4xx_hal_msp.o
                0x08008904                HAL_DAC_MspInit
 .text.HAL_UART_MspInit
                0x080089e0      0x1d8 ./Core/Src/stm32l4xx_hal_msp.o
                0x080089e0                HAL_UART_MspInit
 .text.HAL_RTC_MspInit
                0x08008bb8       0x64 ./Core/Src/stm32l4xx_hal_msp.o
                0x08008bb8                HAL_RTC_MspInit
 .text.HAL_SPI_MspInit
                0x08008c1c      0x2b8 ./Core/Src/stm32l4xx_hal_msp.o
                0x08008c1c                HAL_SPI_MspInit
 .text.HAL_TIM_Base_MspInit
                0x08008ed4       0xfc ./Core/Src/stm32l4xx_hal_msp.o
                0x08008ed4                HAL_TIM_Base_MspInit
 .text.HAL_TIM_MspPostInit
                0x08008fd0       0x70 ./Core/Src/stm32l4xx_hal_msp.o
                0x08008fd0                HAL_TIM_MspPostInit
 .text.NMI_Handler
                0x08009040        0x8 ./Core/Src/stm32l4xx_it.o
                0x08009040                NMI_Handler
 .text.HardFault_Handler
                0x08009048        0x8 ./Core/Src/stm32l4xx_it.o
                0x08009048                HardFault_Handler
 .text.MemManage_Handler
                0x08009050        0x8 ./Core/Src/stm32l4xx_it.o
                0x08009050                MemManage_Handler
 .text.BusFault_Handler
                0x08009058        0x8 ./Core/Src/stm32l4xx_it.o
                0x08009058                BusFault_Handler
 .text.UsageFault_Handler
                0x08009060        0x8 ./Core/Src/stm32l4xx_it.o
                0x08009060                UsageFault_Handler
 .text.SVC_Handler
                0x08009068        0xe ./Core/Src/stm32l4xx_it.o
                0x08009068                SVC_Handler
 .text.DebugMon_Handler
                0x08009076        0xe ./Core/Src/stm32l4xx_it.o
                0x08009076                DebugMon_Handler
 .text.PendSV_Handler
                0x08009084        0xe ./Core/Src/stm32l4xx_it.o
                0x08009084                PendSV_Handler
 .text.SysTick_Handler
                0x08009092        0xc ./Core/Src/stm32l4xx_it.o
                0x08009092                SysTick_Handler
 *fill*         0x0800909e        0x2 
 .text.DMA1_Channel1_IRQHandler
                0x080090a0       0x14 ./Core/Src/stm32l4xx_it.o
                0x080090a0                DMA1_Channel1_IRQHandler
 .text.DMA1_Channel2_IRQHandler
                0x080090b4       0x14 ./Core/Src/stm32l4xx_it.o
                0x080090b4                DMA1_Channel2_IRQHandler
 .text.DMA1_Channel3_IRQHandler
                0x080090c8       0x14 ./Core/Src/stm32l4xx_it.o
                0x080090c8                DMA1_Channel3_IRQHandler
 .text.DMA1_Channel4_IRQHandler
                0x080090dc       0x14 ./Core/Src/stm32l4xx_it.o
                0x080090dc                DMA1_Channel4_IRQHandler
 .text.TIM4_IRQHandler
                0x080090f0       0x14 ./Core/Src/stm32l4xx_it.o
                0x080090f0                TIM4_IRQHandler
 .text.EXTI15_10_IRQHandler
                0x08009104       0x10 ./Core/Src/stm32l4xx_it.o
                0x08009104                EXTI15_10_IRQHandler
 .text._getpid  0x08009114       0x10 ./Core/Src/syscalls.o
                0x08009114                _getpid
 .text._kill    0x08009124       0x20 ./Core/Src/syscalls.o
                0x08009124                _kill
 .text._exit    0x08009144       0x16 ./Core/Src/syscalls.o
                0x08009144                _exit
 .text._read    0x0800915a       0x3a ./Core/Src/syscalls.o
                0x0800915a                _read
 .text._write   0x08009194       0x38 ./Core/Src/syscalls.o
                0x08009194                _write
 .text._close   0x080091cc       0x18 ./Core/Src/syscalls.o
                0x080091cc                _close
 .text._fstat   0x080091e4       0x20 ./Core/Src/syscalls.o
                0x080091e4                _fstat
 .text._isatty  0x08009204       0x16 ./Core/Src/syscalls.o
                0x08009204                _isatty
 .text._lseek   0x0800921a       0x1a ./Core/Src/syscalls.o
                0x0800921a                _lseek
 .text._sbrk    0x08009234       0x6c ./Core/Src/sysmem.o
                0x08009234                _sbrk
 .text.SystemInit
                0x080092a0       0x24 ./Core/Src/system_stm32l4xx.o
                0x080092a0                SystemInit
 .text.spi2_transfer
                0x080092c4       0x30 ./Core/Src/xpt2046.o
 .text.read_channel
                0x080092f4       0x3a ./Core/Src/xpt2046.o
 .text.read_channel_median
                0x0800932e      0x120 ./Core/Src/xpt2046.o
 .text.map_value
                0x0800944e       0xae ./Core/Src/xpt2046.o
 .text.XPT2046_Init
                0x080094fc       0x20 ./Core/Src/xpt2046.o
                0x080094fc                XPT2046_Init
 .text.XPT2046_IsTouched
                0x0800951c       0x24 ./Core/Src/xpt2046.o
                0x0800951c                XPT2046_IsTouched
 .text.XPT2046_GetTouch
                0x08009540       0xa4 ./Core/Src/xpt2046.o
                0x08009540                XPT2046_GetTouch
 .text.Reset_Handler
                0x080095e4       0x50 ./Core/Startup/startup_stm32l4r5zitxp.o
                0x080095e4                Reset_Handler
 .text.Default_Handler
                0x08009634        0x2 ./Core/Startup/startup_stm32l4r5zitxp.o
                0x08009634                RTC_Alarm_IRQHandler
                0x08009634                EXTI2_IRQHandler
                0x08009634                TIM8_TRG_COM_IRQHandler
                0x08009634                TIM8_CC_IRQHandler
                0x08009634                TIM1_CC_IRQHandler
                0x08009634                TSC_IRQHandler
                0x08009634                TAMP_STAMP_IRQHandler
                0x08009634                EXTI3_IRQHandler
                0x08009634                LPTIM2_IRQHandler
                0x08009634                DFSDM1_FLT1_IRQHandler
                0x08009634                GFXMMU_IRQHandler
                0x08009634                I2C3_ER_IRQHandler
                0x08009634                DFSDM1_FLT2_IRQHandler
                0x08009634                EXTI0_IRQHandler
                0x08009634                I2C2_EV_IRQHandler
                0x08009634                CAN1_RX0_IRQHandler
                0x08009634                FPU_IRQHandler
                0x08009634                TIM1_UP_TIM16_IRQHandler
                0x08009634                LTDC_ER_IRQHandler
                0x08009634                SPI1_IRQHandler
                0x08009634                OCTOSPI1_IRQHandler
                0x08009634                TIM6_DAC_IRQHandler
                0x08009634                DCMI_IRQHandler
                0x08009634                TIM8_UP_IRQHandler
                0x08009634                OCTOSPI2_IRQHandler
                0x08009634                DMA2_Channel2_IRQHandler
                0x08009634                SAI2_IRQHandler
                0x08009634                ADC1_IRQHandler
                0x08009634                DFSDM1_FLT3_IRQHandler
                0x08009634                USART3_IRQHandler
                0x08009634                DMA1_Channel7_IRQHandler
                0x08009634                CAN1_RX1_IRQHandler
                0x08009634                UART5_IRQHandler
                0x08009634                DMA2_Channel1_IRQHandler
                0x08009634                I2C1_EV_IRQHandler
                0x08009634                DMAMUX1_OVR_IRQHandler
                0x08009634                DMA1_Channel6_IRQHandler
                0x08009634                UART4_IRQHandler
                0x08009634                DMA2_Channel4_IRQHandler
                0x08009634                TIM3_IRQHandler
                0x08009634                RCC_IRQHandler
                0x08009634                Default_Handler
                0x08009634                DMA2_Channel7_IRQHandler
                0x08009634                TIM7_IRQHandler
                0x08009634                SDMMC1_IRQHandler
                0x08009634                TIM5_IRQHandler
                0x08009634                I2C3_EV_IRQHandler
                0x08009634                EXTI9_5_IRQHandler
                0x08009634                RTC_WKUP_IRQHandler
                0x08009634                LTDC_IRQHandler
                0x08009634                PVD_PVM_IRQHandler
                0x08009634                SPI2_IRQHandler
                0x08009634                CAN1_TX_IRQHandler
                0x08009634                DMA2_Channel5_IRQHandler
                0x08009634                CRS_IRQHandler
                0x08009634                DMA1_Channel5_IRQHandler
                0x08009634                EXTI4_IRQHandler
                0x08009634                RNG_IRQHandler
                0x08009634                TIM1_TRG_COM_TIM17_IRQHandler
                0x08009634                COMP_IRQHandler
                0x08009634                WWDG_IRQHandler
                0x08009634                I2C4_EV_IRQHandler
                0x08009634                LPUART1_IRQHandler
                0x08009634                DMA2_Channel6_IRQHandler
                0x08009634                TIM2_IRQHandler
                0x08009634                DMA2D_IRQHandler
                0x08009634                EXTI1_IRQHandler
                0x08009634                USART2_IRQHandler
                0x08009634                DFSDM1_FLT0_IRQHandler
                0x08009634                I2C2_ER_IRQHandler
                0x08009634                TIM8_BRK_IRQHandler
                0x08009634                CAN1_SCE_IRQHandler
                0x08009634                FLASH_IRQHandler
                0x08009634                USART1_IRQHandler
                0x08009634                OTG_FS_IRQHandler
                0x08009634                SPI3_IRQHandler
                0x08009634                I2C1_ER_IRQHandler
                0x08009634                FMC_IRQHandler
                0x08009634                LPTIM1_IRQHandler
                0x08009634                I2C4_ER_IRQHandler
                0x08009634                SAI1_IRQHandler
                0x08009634                DMA2_Channel3_IRQHandler
                0x08009634                TIM1_BRK_TIM15_IRQHandler
 .text.HAL_Init
                0x08009636       0x30 ./Drivers/STM32L4xx_HAL_Driver/Src/stm32l4xx_hal.o
                0x08009636                HAL_Init
 *fill*         0x08009666        0x2 
 .text.HAL_InitTick
                0x08009668       0x78 ./Drivers/STM32L4xx_HAL_Driver/Src/stm32l4xx_hal.o
                0x08009668                HAL_InitTick
 .text.HAL_IncTick
                0x080096e0       0x28 ./Drivers/STM32L4xx_HAL_Driver/Src/stm32l4xx_hal.o
                0x080096e0                HAL_IncTick
 .text.HAL_GetTick
                0x08009708       0x18 ./Drivers/STM32L4xx_HAL_Driver/Src/stm32l4xx_hal.o
                0x08009708                HAL_GetTick
 .text.HAL_Delay
                0x08009720       0x48 ./Drivers/STM32L4xx_HAL_Driver/Src/stm32l4xx_hal.o
                0x08009720                HAL_Delay
 .text.__NVIC_SetPriorityGrouping
                0x08009768       0x48 ./Drivers/STM32L4xx_HAL_Driver/Src/stm32l4xx_hal_cortex.o
 .text.__NVIC_GetPriorityGrouping
                0x080097b0       0x1c ./Drivers/STM32L4xx_HAL_Driver/Src/stm32l4xx_hal_cortex.o
 .text.__NVIC_EnableIRQ
                0x080097cc       0x3c ./Drivers/STM32L4xx_HAL_Driver/Src/stm32l4xx_hal_cortex.o
 .text.__NVIC_SetPriority
                0x08009808       0x54 ./Drivers/STM32L4xx_HAL_Driver/Src/stm32l4xx_hal_cortex.o
 .text.NVIC_EncodePriority
                0x0800985c       0x66 ./Drivers/STM32L4xx_HAL_Driver/Src/stm32l4xx_hal_cortex.o
 *fill*         0x080098c2        0x2 
 .text.SysTick_Config
                0x080098c4       0x44 ./Drivers/STM32L4xx_HAL_Driver/Src/stm32l4xx_hal_cortex.o
 .text.HAL_NVIC_SetPriorityGrouping
                0x08009908       0x16 ./Drivers/STM32L4xx_HAL_Driver/Src/stm32l4xx_hal_cortex.o
                0x08009908                HAL_NVIC_SetPriorityGrouping
 .text.HAL_NVIC_SetPriority
                0x0800991e       0x38 ./Drivers/STM32L4xx_HAL_Driver/Src/stm32l4xx_hal_cortex.o
                0x0800991e                HAL_NVIC_SetPriority
 .text.HAL_NVIC_EnableIRQ
                0x08009956       0x1c ./Drivers/STM32L4xx_HAL_Driver/Src/stm32l4xx_hal_cortex.o
                0x08009956                HAL_NVIC_EnableIRQ
 .text.HAL_SYSTICK_Config
                0x08009972       0x18 ./Drivers/STM32L4xx_HAL_Driver/Src/stm32l4xx_hal_cortex.o
                0x08009972                HAL_SYSTICK_Config
 .text.HAL_DAC_Init
                0x0800998a       0x44 ./Drivers/STM32L4xx_HAL_Driver/Src/stm32l4xx_hal_dac.o
                0x0800998a                HAL_DAC_Init
 *fill*         0x080099ce        0x2 
 .text.HAL_DAC_Start_DMA
                0x080099d0      0x198 ./Drivers/STM32L4xx_HAL_Driver/Src/stm32l4xx_hal_dac.o
                0x080099d0                HAL_DAC_Start_DMA
 .text.HAL_DAC_Stop_DMA
                0x08009b68       0x8a ./Drivers/STM32L4xx_HAL_Driver/Src/stm32l4xx_hal_dac.o
                0x08009b68                HAL_DAC_Stop_DMA
 .text.HAL_DAC_ConvHalfCpltCallbackCh1
                0x08009bf2       0x14 ./Drivers/STM32L4xx_HAL_Driver/Src/stm32l4xx_hal_dac.o
                0x08009bf2                HAL_DAC_ConvHalfCpltCallbackCh1
 .text.HAL_DAC_ErrorCallbackCh1
                0x08009c06       0x14 ./Drivers/STM32L4xx_HAL_Driver/Src/stm32l4xx_hal_dac.o
                0x08009c06                HAL_DAC_ErrorCallbackCh1
 *fill*         0x08009c1a        0x2 
 .text.HAL_DAC_ConfigChannel
                0x08009c1c      0x298 ./Drivers/STM32L4xx_HAL_Driver/Src/stm32l4xx_hal_dac.o
                0x08009c1c                HAL_DAC_ConfigChannel
 .text.DAC_DMAConvCpltCh1
                0x08009eb4       0x22 ./Drivers/STM32L4xx_HAL_Driver/Src/stm32l4xx_hal_dac.o
                0x08009eb4                DAC_DMAConvCpltCh1
 .text.DAC_DMAHalfConvCpltCh1
                0x08009ed6       0x1c ./Drivers/STM32L4xx_HAL_Driver/Src/stm32l4xx_hal_dac.o
                0x08009ed6                DAC_DMAHalfConvCpltCh1
 .text.DAC_DMAErrorCh1
                0x08009ef2       0x2e ./Drivers/STM32L4xx_HAL_Driver/Src/stm32l4xx_hal_dac.o
                0x08009ef2                DAC_DMAErrorCh1
 .text.HAL_DACEx_ConvCpltCallbackCh2
                0x08009f20       0x14 ./Drivers/STM32L4xx_HAL_Driver/Src/stm32l4xx_hal_dac_ex.o
                0x08009f20                HAL_DACEx_ConvCpltCallbackCh2
 .text.HAL_DACEx_ConvHalfCpltCallbackCh2
                0x08009f34       0x14 ./Drivers/STM32L4xx_HAL_Driver/Src/stm32l4xx_hal_dac_ex.o
                0x08009f34                HAL_DACEx_ConvHalfCpltCallbackCh2
 .text.HAL_DACEx_ErrorCallbackCh2
                0x08009f48       0x14 ./Drivers/STM32L4xx_HAL_Driver/Src/stm32l4xx_hal_dac_ex.o
                0x08009f48                HAL_DACEx_ErrorCallbackCh2
 .text.DAC_DMAConvCpltCh2
                0x08009f5c       0x22 ./Drivers/STM32L4xx_HAL_Driver/Src/stm32l4xx_hal_dac_ex.o
                0x08009f5c                DAC_DMAConvCpltCh2
 .text.DAC_DMAHalfConvCpltCh2
                0x08009f7e       0x1c ./Drivers/STM32L4xx_HAL_Driver/Src/stm32l4xx_hal_dac_ex.o
                0x08009f7e                DAC_DMAHalfConvCpltCh2
 .text.DAC_DMAErrorCh2
                0x08009f9a       0x2e ./Drivers/STM32L4xx_HAL_Driver/Src/stm32l4xx_hal_dac_ex.o
                0x08009f9a                DAC_DMAErrorCh2
 .text.HAL_DMA_Init
                0x08009fc8      0x150 ./Drivers/STM32L4xx_HAL_Driver/Src/stm32l4xx_hal_dma.o
                0x08009fc8                HAL_DMA_Init
 .text.HAL_DMA_Start_IT
                0x0800a118       0xf6 ./Drivers/STM32L4xx_HAL_Driver/Src/stm32l4xx_hal_dma.o
                0x0800a118                HAL_DMA_Start_IT
 .text.HAL_DMA_Abort
                0x0800a20e       0xb8 ./Drivers/STM32L4xx_HAL_Driver/Src/stm32l4xx_hal_dma.o
                0x0800a20e                HAL_DMA_Abort
 .text.HAL_DMA_IRQHandler
                0x0800a2c6      0x15e ./Drivers/STM32L4xx_HAL_Driver/Src/stm32l4xx_hal_dma.o
                0x0800a2c6                HAL_DMA_IRQHandler
 .text.DMA_SetConfig
                0x0800a424       0x7c ./Drivers/STM32L4xx_HAL_Driver/Src/stm32l4xx_hal_dma.o
 .text.DMA_CalcDMAMUXChannelBaseAndMask
                0x0800a4a0       0x7c ./Drivers/STM32L4xx_HAL_Driver/Src/stm32l4xx_hal_dma.o
 .text.DMA_CalcDMAMUXRequestGenBaseAndMask
                0x0800a51c       0x48 ./Drivers/STM32L4xx_HAL_Driver/Src/stm32l4xx_hal_dma.o
 .text.HAL_GPIO_Init
                0x0800a564      0x324 ./Drivers/STM32L4xx_HAL_Driver/Src/stm32l4xx_hal_gpio.o
                0x0800a564                HAL_GPIO_Init
 .text.HAL_GPIO_ReadPin
                0x0800a888       0x30 ./Drivers/STM32L4xx_HAL_Driver/Src/stm32l4xx_hal_gpio.o
                0x0800a888                HAL_GPIO_ReadPin
 .text.HAL_GPIO_WritePin
                0x0800a8b8       0x30 ./Drivers/STM32L4xx_HAL_Driver/Src/stm32l4xx_hal_gpio.o
                0x0800a8b8                HAL_GPIO_WritePin
 .text.HAL_GPIO_TogglePin
                0x0800a8e8       0x34 ./Drivers/STM32L4xx_HAL_Driver/Src/stm32l4xx_hal_gpio.o
                0x0800a8e8                HAL_GPIO_TogglePin
 .text.HAL_GPIO_EXTI_IRQHandler
                0x0800a91c       0x30 ./Drivers/STM32L4xx_HAL_Driver/Src/stm32l4xx_hal_gpio.o
                0x0800a91c                HAL_GPIO_EXTI_IRQHandler
 .text.HAL_PWREx_GetVoltageRange
                0x0800a94c       0x40 ./Drivers/STM32L4xx_HAL_Driver/Src/stm32l4xx_hal_pwr_ex.o
                0x0800a94c                HAL_PWREx_GetVoltageRange
 .text.HAL_PWREx_ControlVoltageScaling
                0x0800a98c      0x148 ./Drivers/STM32L4xx_HAL_Driver/Src/stm32l4xx_hal_pwr_ex.o
                0x0800a98c                HAL_PWREx_ControlVoltageScaling
 .text.HAL_PWREx_EnableVddIO2
                0x0800aad4       0x20 ./Drivers/STM32L4xx_HAL_Driver/Src/stm32l4xx_hal_pwr_ex.o
                0x0800aad4                HAL_PWREx_EnableVddIO2
 .text.HAL_RCC_OscConfig
                0x0800aaf4      0x834 ./Drivers/STM32L4xx_HAL_Driver/Src/stm32l4xx_hal_rcc.o
                0x0800aaf4                HAL_RCC_OscConfig
 .text.HAL_RCC_ClockConfig
                0x0800b328      0x274 ./Drivers/STM32L4xx_HAL_Driver/Src/stm32l4xx_hal_rcc.o
                0x0800b328                HAL_RCC_ClockConfig
 .text.HAL_RCC_GetSysClockFreq
                0x0800b59c      0x118 ./Drivers/STM32L4xx_HAL_Driver/Src/stm32l4xx_hal_rcc.o
                0x0800b59c                HAL_RCC_GetSysClockFreq
 .text.HAL_RCC_GetHCLKFreq
                0x0800b6b4       0x18 ./Drivers/STM32L4xx_HAL_Driver/Src/stm32l4xx_hal_rcc.o
                0x0800b6b4                HAL_RCC_GetHCLKFreq
 .text.HAL_RCC_GetPCLK1Freq
                0x0800b6cc       0x2c ./Drivers/STM32L4xx_HAL_Driver/Src/stm32l4xx_hal_rcc.o
                0x0800b6cc                HAL_RCC_GetPCLK1Freq
 .text.HAL_RCC_GetPCLK2Freq
                0x0800b6f8       0x2c ./Drivers/STM32L4xx_HAL_Driver/Src/stm32l4xx_hal_rcc.o
                0x0800b6f8                HAL_RCC_GetPCLK2Freq
 .text.RCC_SetFlashLatencyFromMSIRange
                0x0800b724       0xb4 ./Drivers/STM32L4xx_HAL_Driver/Src/stm32l4xx_hal_rcc.o
 .text.RCC_GetSysClockFreqFromPLLSource
                0x0800b7d8       0xcc ./Drivers/STM32L4xx_HAL_Driver/Src/stm32l4xx_hal_rcc.o
 .text.HAL_RCCEx_PeriphCLKConfig
                0x0800b8a4      0x660 ./Drivers/STM32L4xx_HAL_Driver/Src/stm32l4xx_hal_rcc_ex.o
                0x0800b8a4                HAL_RCCEx_PeriphCLKConfig
 .text.RCCEx_PLLSAI1_Config
                0x0800bf04      0x1e8 ./Drivers/STM32L4xx_HAL_Driver/Src/stm32l4xx_hal_rcc_ex.o
 .text.RCCEx_PLLSAI2_Config
                0x0800c0ec      0x1e8 ./Drivers/STM32L4xx_HAL_Driver/Src/stm32l4xx_hal_rcc_ex.o
 .text.HAL_RTC_Init
                0x0800c2d4      0x110 ./Drivers/STM32L4xx_HAL_Driver/Src/stm32l4xx_hal_rtc.o
                0x0800c2d4                HAL_RTC_Init
 .text.HAL_RTC_SetTime
                0x0800c3e4      0x13a ./Drivers/STM32L4xx_HAL_Driver/Src/stm32l4xx_hal_rtc.o
                0x0800c3e4                HAL_RTC_SetTime
 .text.HAL_RTC_GetTime
                0x0800c51e       0xb8 ./Drivers/STM32L4xx_HAL_Driver/Src/stm32l4xx_hal_rtc.o
                0x0800c51e                HAL_RTC_GetTime
 .text.HAL_RTC_SetDate
                0x0800c5d6      0x10e ./Drivers/STM32L4xx_HAL_Driver/Src/stm32l4xx_hal_rtc.o
                0x0800c5d6                HAL_RTC_SetDate
 .text.HAL_RTC_GetDate
                0x0800c6e4       0x9a ./Drivers/STM32L4xx_HAL_Driver/Src/stm32l4xx_hal_rtc.o
                0x0800c6e4                HAL_RTC_GetDate
 *fill*         0x0800c77e        0x2 
 .text.HAL_RTC_WaitForSynchro
                0x0800c780       0x48 ./Drivers/STM32L4xx_HAL_Driver/Src/stm32l4xx_hal_rtc.o
                0x0800c780                HAL_RTC_WaitForSynchro
 .text.RTC_EnterInitMode
                0x0800c7c8       0x66 ./Drivers/STM32L4xx_HAL_Driver/Src/stm32l4xx_hal_rtc.o
                0x0800c7c8                RTC_EnterInitMode
 *fill*         0x0800c82e        0x2 
 .text.RTC_ExitInitMode
                0x0800c830       0x7c ./Drivers/STM32L4xx_HAL_Driver/Src/stm32l4xx_hal_rtc.o
                0x0800c830                RTC_ExitInitMode
 .text.RTC_ByteToBcd2
                0x0800c8ac       0x40 ./Drivers/STM32L4xx_HAL_Driver/Src/stm32l4xx_hal_rtc.o
                0x0800c8ac                RTC_ByteToBcd2
 .text.RTC_Bcd2ToByte
                0x0800c8ec       0x34 ./Drivers/STM32L4xx_HAL_Driver/Src/stm32l4xx_hal_rtc.o
                0x0800c8ec                RTC_Bcd2ToByte
 .text.HAL_SPI_Init
                0x0800c920      0x146 ./Drivers/STM32L4xx_HAL_Driver/Src/stm32l4xx_hal_spi.o
                0x0800c920                HAL_SPI_Init
 .text.HAL_SPI_Transmit
                0x0800ca66      0x2ec ./Drivers/STM32L4xx_HAL_Driver/Src/stm32l4xx_hal_spi.o
                0x0800ca66                HAL_SPI_Transmit
 .text.HAL_SPI_TransmitReceive
                0x0800cd52      0x43e ./Drivers/STM32L4xx_HAL_Driver/Src/stm32l4xx_hal_spi.o
                0x0800cd52                HAL_SPI_TransmitReceive
 .text.HAL_SPI_Transmit_DMA
                0x0800d190      0x1dc ./Drivers/STM32L4xx_HAL_Driver/Src/stm32l4xx_hal_spi.o
                0x0800d190                HAL_SPI_Transmit_DMA
 .text.HAL_SPI_TransmitReceive_DMA
                0x0800d36c      0x30c ./Drivers/STM32L4xx_HAL_Driver/Src/stm32l4xx_hal_spi.o
                0x0800d36c                HAL_SPI_TransmitReceive_DMA
 .text.HAL_SPI_RxCpltCallback
                0x0800d678       0x14 ./Drivers/STM32L4xx_HAL_Driver/Src/stm32l4xx_hal_spi.o
                0x0800d678                HAL_SPI_RxCpltCallback
 .text.HAL_SPI_TxHalfCpltCallback
                0x0800d68c       0x14 ./Drivers/STM32L4xx_HAL_Driver/Src/stm32l4xx_hal_spi.o
                0x0800d68c                HAL_SPI_TxHalfCpltCallback
 .text.HAL_SPI_RxHalfCpltCallback
                0x0800d6a0       0x14 ./Drivers/STM32L4xx_HAL_Driver/Src/stm32l4xx_hal_spi.o
                0x0800d6a0                HAL_SPI_RxHalfCpltCallback
 .text.HAL_SPI_TxRxHalfCpltCallback
                0x0800d6b4       0x14 ./Drivers/STM32L4xx_HAL_Driver/Src/stm32l4xx_hal_spi.o
                0x0800d6b4                HAL_SPI_TxRxHalfCpltCallback
 .text.HAL_SPI_ErrorCallback
                0x0800d6c8       0x14 ./Drivers/STM32L4xx_HAL_Driver/Src/stm32l4xx_hal_spi.o
                0x0800d6c8                HAL_SPI_ErrorCallback
 .text.SPI_DMATransmitCplt
                0x0800d6dc       0xa6 ./Drivers/STM32L4xx_HAL_Driver/Src/stm32l4xx_hal_spi.o
 .text.SPI_DMAReceiveCplt
                0x0800d782       0xa8 ./Drivers/STM32L4xx_HAL_Driver/Src/stm32l4xx_hal_spi.o
 .text.SPI_DMATransmitReceiveCplt
                0x0800d82a       0x90 ./Drivers/STM32L4xx_HAL_Driver/Src/stm32l4xx_hal_spi.o
 .text.SPI_DMAHalfTransmitCplt
                0x0800d8ba       0x1c ./Drivers/STM32L4xx_HAL_Driver/Src/stm32l4xx_hal_spi.o
 .text.SPI_DMAHalfReceiveCplt
                0x0800d8d6       0x1c ./Drivers/STM32L4xx_HAL_Driver/Src/stm32l4xx_hal_spi.o
 .text.SPI_DMAHalfTransmitReceiveCplt
                0x0800d8f2       0x1c ./Drivers/STM32L4xx_HAL_Driver/Src/stm32l4xx_hal_spi.o
 .text.SPI_DMAError
                0x0800d90e       0x40 ./Drivers/STM32L4xx_HAL_Driver/Src/stm32l4xx_hal_spi.o
 *fill*         0x0800d94e        0x2 
 .text.SPI_WaitFlagStateUntilTimeout
                0x0800d950      0x110 ./Drivers/STM32L4xx_HAL_Driver/Src/stm32l4xx_hal_spi.o
 .text.SPI_WaitFifoStateUntilTimeout
                0x0800da60      0x12c ./Drivers/STM32L4xx_HAL_Driver/Src/stm32l4xx_hal_spi.o
 .text.SPI_EndRxTransaction
                0x0800db8c       0xb0 ./Drivers/STM32L4xx_HAL_Driver/Src/stm32l4xx_hal_spi.o
 .text.SPI_EndRxTxTransaction
                0x0800dc3c       0x8c ./Drivers/STM32L4xx_HAL_Driver/Src/stm32l4xx_hal_spi.o
 .text.HAL_TIM_Base_Init
                0x0800dcc8       0xae ./Drivers/STM32L4xx_HAL_Driver/Src/stm32l4xx_hal_tim.o
                0x0800dcc8                HAL_TIM_Base_Init
 *fill*         0x0800dd76        0x2 
 .text.HAL_TIM_Base_Start
                0x0800dd78       0xd0 ./Drivers/STM32L4xx_HAL_Driver/Src/stm32l4xx_hal_tim.o
                0x0800dd78                HAL_TIM_Base_Start
 .text.HAL_TIM_Base_Stop
                0x0800de48       0x4e ./Drivers/STM32L4xx_HAL_Driver/Src/stm32l4xx_hal_tim.o
                0x0800de48                HAL_TIM_Base_Stop
 *fill*         0x0800de96        0x2 
 .text.HAL_TIM_Base_Start_IT
                0x0800de98       0xe0 ./Drivers/STM32L4xx_HAL_Driver/Src/stm32l4xx_hal_tim.o
                0x0800de98                HAL_TIM_Base_Start_IT
 .text.HAL_TIM_Base_Stop_IT
                0x0800df78       0x5e ./Drivers/STM32L4xx_HAL_Driver/Src/stm32l4xx_hal_tim.o
                0x0800df78                HAL_TIM_Base_Stop_IT
 .text.HAL_TIM_PWM_Init
                0x0800dfd6       0xae ./Drivers/STM32L4xx_HAL_Driver/Src/stm32l4xx_hal_tim.o
                0x0800dfd6                HAL_TIM_PWM_Init
 .text.HAL_TIM_PWM_MspInit
                0x0800e084       0x14 ./Drivers/STM32L4xx_HAL_Driver/Src/stm32l4xx_hal_tim.o
                0x0800e084                HAL_TIM_PWM_MspInit
 .text.HAL_TIM_PWM_Start
                0x0800e098      0x20c ./Drivers/STM32L4xx_HAL_Driver/Src/stm32l4xx_hal_tim.o
                0x0800e098                HAL_TIM_PWM_Start
 .text.HAL_TIM_PWM_Stop
                0x0800e2a4      0x12c ./Drivers/STM32L4xx_HAL_Driver/Src/stm32l4xx_hal_tim.o
                0x0800e2a4                HAL_TIM_PWM_Stop
 .text.HAL_TIM_IRQHandler
                0x0800e3d0      0x20e ./Drivers/STM32L4xx_HAL_Driver/Src/stm32l4xx_hal_tim.o
                0x0800e3d0                HAL_TIM_IRQHandler
 *fill*         0x0800e5de        0x2 
 .text.HAL_TIM_PWM_ConfigChannel
                0x0800e5e0      0x228 ./Drivers/STM32L4xx_HAL_Driver/Src/stm32l4xx_hal_tim.o
                0x0800e5e0                HAL_TIM_PWM_ConfigChannel
 .text.HAL_TIM_ConfigClockSource
                0x0800e808      0x192 ./Drivers/STM32L4xx_HAL_Driver/Src/stm32l4xx_hal_tim.o
                0x0800e808                HAL_TIM_ConfigClockSource
 .text.HAL_TIM_OC_DelayElapsedCallback
                0x0800e99a       0x14 ./Drivers/STM32L4xx_HAL_Driver/Src/stm32l4xx_hal_tim.o
                0x0800e99a                HAL_TIM_OC_DelayElapsedCallback
 .text.HAL_TIM_IC_CaptureCallback
                0x0800e9ae       0x14 ./Drivers/STM32L4xx_HAL_Driver/Src/stm32l4xx_hal_tim.o
                0x0800e9ae                HAL_TIM_IC_CaptureCallback
 .text.HAL_TIM_PWM_PulseFinishedCallback
                0x0800e9c2       0x14 ./Drivers/STM32L4xx_HAL_Driver/Src/stm32l4xx_hal_tim.o
                0x0800e9c2                HAL_TIM_PWM_PulseFinishedCallback
 .text.HAL_TIM_TriggerCallback
                0x0800e9d6       0x14 ./Drivers/STM32L4xx_HAL_Driver/Src/stm32l4xx_hal_tim.o
                0x0800e9d6                HAL_TIM_TriggerCallback
 *fill*         0x0800e9ea        0x2 
 .text.TIM_Base_SetConfig
                0x0800e9ec      0x14c ./Drivers/STM32L4xx_HAL_Driver/Src/stm32l4xx_hal_tim.o
                0x0800e9ec                TIM_Base_SetConfig
 .text.TIM_OC1_SetConfig
                0x0800eb38      0x120 ./Drivers/STM32L4xx_HAL_Driver/Src/stm32l4xx_hal_tim.o
 .text.TIM_OC2_SetConfig
                0x0800ec58      0x114 ./Drivers/STM32L4xx_HAL_Driver/Src/stm32l4xx_hal_tim.o
                0x0800ec58                TIM_OC2_SetConfig
 .text.TIM_OC3_SetConfig
                0x0800ed6c      0x110 ./Drivers/STM32L4xx_HAL_Driver/Src/stm32l4xx_hal_tim.o
 .text.TIM_OC4_SetConfig
                0x0800ee7c       0xd4 ./Drivers/STM32L4xx_HAL_Driver/Src/stm32l4xx_hal_tim.o
 .text.TIM_OC5_SetConfig
                0x0800ef50       0xc8 ./Drivers/STM32L4xx_HAL_Driver/Src/stm32l4xx_hal_tim.o
 .text.TIM_OC6_SetConfig
                0x0800f018       0xcc ./Drivers/STM32L4xx_HAL_Driver/Src/stm32l4xx_hal_tim.o
 .text.TIM_TI1_ConfigInputStage
                0x0800f0e4       0x5e ./Drivers/STM32L4xx_HAL_Driver/Src/stm32l4xx_hal_tim.o
 .text.TIM_TI2_ConfigInputStage
                0x0800f142       0x60 ./Drivers/STM32L4xx_HAL_Driver/Src/stm32l4xx_hal_tim.o
 .text.TIM_ITRx_SetConfig
                0x0800f1a2       0x36 ./Drivers/STM32L4xx_HAL_Driver/Src/stm32l4xx_hal_tim.o
 .text.TIM_ETR_SetConfig
                0x0800f1d8       0x40 ./Drivers/STM32L4xx_HAL_Driver/Src/stm32l4xx_hal_tim.o
                0x0800f1d8                TIM_ETR_SetConfig
 .text.TIM_CCxChannelCmd
                0x0800f218       0x4a ./Drivers/STM32L4xx_HAL_Driver/Src/stm32l4xx_hal_tim.o
                0x0800f218                TIM_CCxChannelCmd
 *fill*         0x0800f262        0x2 
 .text.HAL_TIMEx_MasterConfigSynchronization
                0x0800f264      0x110 ./Drivers/STM32L4xx_HAL_Driver/Src/stm32l4xx_hal_tim_ex.o
                0x0800f264                HAL_TIMEx_MasterConfigSynchronization
 .text.HAL_TIMEx_CommutCallback
                0x0800f374       0x14 ./Drivers/STM32L4xx_HAL_Driver/Src/stm32l4xx_hal_tim_ex.o
                0x0800f374                HAL_TIMEx_CommutCallback
 .text.HAL_TIMEx_BreakCallback
                0x0800f388       0x14 ./Drivers/STM32L4xx_HAL_Driver/Src/stm32l4xx_hal_tim_ex.o
                0x0800f388                HAL_TIMEx_BreakCallback
 .text.HAL_TIMEx_Break2Callback
                0x0800f39c       0x14 ./Drivers/STM32L4xx_HAL_Driver/Src/stm32l4xx_hal_tim_ex.o
                0x0800f39c                HAL_TIMEx_Break2Callback
 .text.HAL_UART_Init
                0x0800f3b0       0xa0 ./Drivers/STM32L4xx_HAL_Driver/Src/stm32l4xx_hal_uart.o
                0x0800f3b0                HAL_UART_Init
 .text.HAL_UART_Transmit
                0x0800f450      0x11c ./Drivers/STM32L4xx_HAL_Driver/Src/stm32l4xx_hal_uart.o
                0x0800f450                HAL_UART_Transmit
 .text.HAL_UART_Receive
                0x0800f56c      0x192 ./Drivers/STM32L4xx_HAL_Driver/Src/stm32l4xx_hal_uart.o
                0x0800f56c                HAL_UART_Receive
 *fill*         0x0800f6fe        0x2 
 .text.UART_SetConfig
                0x0800f700      0x5f8 ./Drivers/STM32L4xx_HAL_Driver/Src/stm32l4xx_hal_uart.o
                0x0800f700                UART_SetConfig
 .text.UART_AdvFeatureConfig
                0x0800fcf8      0x144 ./Drivers/STM32L4xx_HAL_Driver/Src/stm32l4xx_hal_uart.o
                0x0800fcf8                UART_AdvFeatureConfig
 .text.UART_CheckIdleState
                0x0800fe3c      0x154 ./Drivers/STM32L4xx_HAL_Driver/Src/stm32l4xx_hal_uart.o
                0x0800fe3c                UART_CheckIdleState
 .text.UART_WaitOnFlagUntilTimeout
                0x0800ff90       0xda ./Drivers/STM32L4xx_HAL_Driver/Src/stm32l4xx_hal_uart.o
                0x0800ff90                UART_WaitOnFlagUntilTimeout
 .text.UART_EndRxTransfer
                0x0801006a       0xcc ./Drivers/STM32L4xx_HAL_Driver/Src/stm32l4xx_hal_uart.o
 .text.HAL_UARTEx_DisableFifoMode
                0x08010136       0x72 ./Drivers/STM32L4xx_HAL_Driver/Src/stm32l4xx_hal_uart_ex.o
                0x08010136                HAL_UARTEx_DisableFifoMode
 .text.HAL_UARTEx_SetTxFifoThreshold
                0x080101a8       0x7c ./Drivers/STM32L4xx_HAL_Driver/Src/stm32l4xx_hal_uart_ex.o
                0x080101a8                HAL_UARTEx_SetTxFifoThreshold
 .text.HAL_UARTEx_SetRxFifoThreshold
                0x08010224       0x7c ./Drivers/STM32L4xx_HAL_Driver/Src/stm32l4xx_hal_uart_ex.o
                0x08010224                HAL_UARTEx_SetRxFifoThreshold
 .text.UARTEx_SetNbDataToProcess
                0x080102a0       0x9c ./Drivers/STM32L4xx_HAL_Driver/Src/stm32l4xx_hal_uart_ex.o
 .text.get_fattime
                0x0801033c       0x10 ./FATFS/App/fatfs.o
                0x0801033c                get_fattime
 .text.disk_status
                0x0801034c       0x34 ./Middlewares/Third_Party/FatFs/src/diskio.o
                0x0801034c                disk_status
 .text.disk_initialize
                0x08010380       0x4c ./Middlewares/Third_Party/FatFs/src/diskio.o
                0x08010380                disk_initialize
 .text.disk_read
                0x080103cc       0x40 ./Middlewares/Third_Party/FatFs/src/diskio.o
                0x080103cc                disk_read
 .text.disk_write
                0x0801040c       0x40 ./Middlewares/Third_Party/FatFs/src/diskio.o
                0x0801040c                disk_write
 .text.disk_ioctl
                0x0801044c       0x3c ./Middlewares/Third_Party/FatFs/src/diskio.o
                0x0801044c                disk_ioctl
 .text.ld_word  0x08010488       0x32 ./Middlewares/Third_Party/FatFs/src/ff.o
 .text.ld_dword
                0x080104ba       0x46 ./Middlewares/Third_Party/FatFs/src/ff.o
 .text.st_word  0x08010500       0x36 ./Middlewares/Third_Party/FatFs/src/ff.o
 .text.st_dword
                0x08010536       0x58 ./Middlewares/Third_Party/FatFs/src/ff.o
 .text.mem_cpy  0x0801058e       0x42 ./Middlewares/Third_Party/FatFs/src/ff.o
 .text.mem_set  0x080105d0       0x36 ./Middlewares/Third_Party/FatFs/src/ff.o
 .text.mem_cmp  0x08010606       0x4e ./Middlewares/Third_Party/FatFs/src/ff.o
 .text.chk_chr  0x08010654       0x36 ./Middlewares/Third_Party/FatFs/src/ff.o
 *fill*         0x0801068a        0x2 
 .text.chk_lock
                0x0801068c       0xb8 ./Middlewares/Third_Party/FatFs/src/ff.o
 .text.enq_lock
                0x08010744       0x44 ./Middlewares/Third_Party/FatFs/src/ff.o
 .text.inc_lock
                0x08010788      0x11c ./Middlewares/Third_Party/FatFs/src/ff.o
 .text.dec_lock
                0x080108a4       0x78 ./Middlewares/Third_Party/FatFs/src/ff.o
 .text.clear_lock
                0x0801091c       0x48 ./Middlewares/Third_Party/FatFs/src/ff.o
 .text.sync_window
                0x08010964       0x88 ./Middlewares/Third_Party/FatFs/src/ff.o
 .text.move_window
                0x080109ec       0x5a ./Middlewares/Third_Party/FatFs/src/ff.o
 *fill*         0x08010a46        0x2 
 .text.sync_fs  0x08010a48       0xdc ./Middlewares/Third_Party/FatFs/src/ff.o
 .text.clust2sect
                0x08010b24       0x3e ./Middlewares/Third_Party/FatFs/src/ff.o
 .text.get_fat  0x08010b62      0x14e ./Middlewares/Third_Party/FatFs/src/ff.o
 .text.put_fat  0x08010cb0      0x1d4 ./Middlewares/Third_Party/FatFs/src/ff.o
 .text.remove_chain
                0x08010e84       0xca ./Middlewares/Third_Party/FatFs/src/ff.o
 .text.create_chain
                0x08010f4e      0x130 ./Middlewares/Third_Party/FatFs/src/ff.o
 .text.clmt_clust
                0x0801107e       0x68 ./Middlewares/Third_Party/FatFs/src/ff.o
 .text.dir_sdi  0x080110e6       0xf6 ./Middlewares/Third_Party/FatFs/src/ff.o
 .text.dir_next
                0x080111dc      0x18a ./Middlewares/Third_Party/FatFs/src/ff.o
 .text.dir_alloc
                0x08011366       0x8e ./Middlewares/Third_Party/FatFs/src/ff.o
 .text.ld_clust
                0x080113f4       0x3e ./Middlewares/Third_Party/FatFs/src/ff.o
 .text.st_clust
                0x08011432       0x40 ./Middlewares/Third_Party/FatFs/src/ff.o
 .text.dir_find
                0x08011472       0xaa ./Middlewares/Third_Party/FatFs/src/ff.o
 .text.dir_register
                0x0801151c       0x64 ./Middlewares/Third_Party/FatFs/src/ff.o
 .text.create_name
                0x08011580      0x128 ./Middlewares/Third_Party/FatFs/src/ff.o
 .text.follow_path
                0x080116a8       0xe2 ./Middlewares/Third_Party/FatFs/src/ff.o
 .text.get_ldnumber
                0x0801178a       0x88 ./Middlewares/Third_Party/FatFs/src/ff.o
 *fill*         0x08011812        0x2 
 .text.check_fs
                0x08011814       0xac ./Middlewares/Third_Party/FatFs/src/ff.o
 .text.find_volume
                0x080118c0      0x498 ./Middlewares/Third_Party/FatFs/src/ff.o
 .text.validate
                0x08011d58       0x6a ./Middlewares/Third_Party/FatFs/src/ff.o
 *fill*         0x08011dc2        0x2 
 .text.f_mount  0x08011dc4       0x8c ./Middlewares/Third_Party/FatFs/src/ff.o
                0x08011dc4                f_mount
 .text.f_open   0x08011e50      0x374 ./Middlewares/Third_Party/FatFs/src/ff.o
                0x08011e50                f_open
 .text.f_read   0x080121c4      0x27e ./Middlewares/Third_Party/FatFs/src/ff.o
                0x080121c4                f_read
 .text.f_sync   0x08012442       0xfc ./Middlewares/Third_Party/FatFs/src/ff.o
                0x08012442                f_sync
 .text.f_close  0x0801253e       0x54 ./Middlewares/Third_Party/FatFs/src/ff.o
                0x0801253e                f_close
 .text.f_getfree
                0x08012592      0x16a ./Middlewares/Third_Party/FatFs/src/ff.o
                0x08012592                f_getfree
 .text.FATFS_LinkDriverEx
                0x080126fc       0x98 ./Middlewares/Third_Party/FatFs/src/ff_gen_drv.o
                0x080126fc                FATFS_LinkDriverEx
 .text.FATFS_LinkDriver
                0x08012794       0x1e ./Middlewares/Third_Party/FatFs/src/ff_gen_drv.o
                0x08012794                FATFS_LinkDriver
 *fill*         0x080127b2        0x2 
 .text.FATFS_UnLinkDriverEx
                0x080127b4       0x70 ./Middlewares/Third_Party/FatFs/src/ff_gen_drv.o
                0x080127b4                FATFS_UnLinkDriverEx
 .text.FATFS_UnLinkDriver
                0x08012824       0x1a ./Middlewares/Third_Party/FatFs/src/ff_gen_drv.o
                0x08012824                FATFS_UnLinkDriver
 .text.__cvt    0x0801283e       0xca C:/ST/STM32CubeIDE_1.19.0/STM32CubeIDE/plugins/com.st.stm32cube.ide.mcu.externaltools.gnu-tools-for-stm32.13.3.rel1.win32_1.0.0.202411081344/tools/bin/../lib/gcc/arm-none-eabi/13.3.1/../../../../arm-none-eabi/lib/thumb/v7e-m+fp/hard\libc_nano.a(libc_a-nano-vfprintf_float.o)
                0x0801283e                __cvt
 .text.__exponent
                0x08012908       0x74 C:/ST/STM32CubeIDE_1.19.0/STM32CubeIDE/plugins/com.st.stm32cube.ide.mcu.externaltools.gnu-tools-for-stm32.13.3.rel1.win32_1.0.0.202411081344/tools/bin/../lib/gcc/arm-none-eabi/13.3.1/../../../../arm-none-eabi/lib/thumb/v7e-m+fp/hard\libc_nano.a(libc_a-nano-vfprintf_float.o)
                0x08012908                __exponent
 .text._printf_float
                0x0801297c      0x454 C:/ST/STM32CubeIDE_1.19.0/STM32CubeIDE/plugins/com.st.stm32cube.ide.mcu.externaltools.gnu-tools-for-stm32.13.3.rel1.win32_1.0.0.202411081344/tools/bin/../lib/gcc/arm-none-eabi/13.3.1/../../../../arm-none-eabi/lib/thumb/v7e-m+fp/hard\libc_nano.a(libc_a-nano-vfprintf_float.o)
                0x0801297c                _printf_float
 .text._printf_common
                0x08012dd0       0xda C:/ST/STM32CubeIDE_1.19.0/STM32CubeIDE/plugins/com.st.stm32cube.ide.mcu.externaltools.gnu-tools-for-stm32.13.3.rel1.win32_1.0.0.202411081344/tools/bin/../lib/gcc/arm-none-eabi/13.3.1/../../../../arm-none-eabi/lib/thumb/v7e-m+fp/hard\libc_nano.a(libc_a-nano-vfprintf_i.o)
                0x08012dd0                _printf_common
 *fill*         0x08012eaa        0x2 
 .text._printf_i
                0x08012eac      0x23c C:/ST/STM32CubeIDE_1.19.0/STM32CubeIDE/plugins/com.st.stm32cube.ide.mcu.externaltools.gnu-tools-for-stm32.13.3.rel1.win32_1.0.0.202411081344/tools/bin/../lib/gcc/arm-none-eabi/13.3.1/../../../../arm-none-eabi/lib/thumb/v7e-m+fp/hard\libc_nano.a(libc_a-nano-vfprintf_i.o)
                0x08012eac                _printf_i
 .text.std      0x080130e8       0x6c C:/ST/STM32CubeIDE_1.19.0/STM32CubeIDE/plugins/com.st.stm32cube.ide.mcu.externaltools.gnu-tools-for-stm32.13.3.rel1.win32_1.0.0.202411081344/tools/bin/../lib/gcc/arm-none-eabi/13.3.1/../../../../arm-none-eabi/lib/thumb/v7e-m+fp/hard\libc_nano.a(libc_a-findfp.o)
 .text.stdio_exit_handler
                0x08013154       0x18 C:/ST/STM32CubeIDE_1.19.0/STM32CubeIDE/plugins/com.st.stm32cube.ide.mcu.externaltools.gnu-tools-for-stm32.13.3.rel1.win32_1.0.0.202411081344/tools/bin/../lib/gcc/arm-none-eabi/13.3.1/../../../../arm-none-eabi/lib/thumb/v7e-m+fp/hard\libc_nano.a(libc_a-findfp.o)
 .text.cleanup_stdio
                0x0801316c       0x40 C:/ST/STM32CubeIDE_1.19.0/STM32CubeIDE/plugins/com.st.stm32cube.ide.mcu.externaltools.gnu-tools-for-stm32.13.3.rel1.win32_1.0.0.202411081344/tools/bin/../lib/gcc/arm-none-eabi/13.3.1/../../../../arm-none-eabi/lib/thumb/v7e-m+fp/hard\libc_nano.a(libc_a-findfp.o)
 .text.global_stdio_init.part.0
                0x080131ac       0x3c C:/ST/STM32CubeIDE_1.19.0/STM32CubeIDE/plugins/com.st.stm32cube.ide.mcu.externaltools.gnu-tools-for-stm32.13.3.rel1.win32_1.0.0.202411081344/tools/bin/../lib/gcc/arm-none-eabi/13.3.1/../../../../arm-none-eabi/lib/thumb/v7e-m+fp/hard\libc_nano.a(libc_a-findfp.o)
 .text.__sfp_lock_acquire
                0x080131e8        0xc C:/ST/STM32CubeIDE_1.19.0/STM32CubeIDE/plugins/com.st.stm32cube.ide.mcu.externaltools.gnu-tools-for-stm32.13.3.rel1.win32_1.0.0.202411081344/tools/bin/../lib/gcc/arm-none-eabi/13.3.1/../../../../arm-none-eabi/lib/thumb/v7e-m+fp/hard\libc_nano.a(libc_a-findfp.o)
                0x080131e8                __sfp_lock_acquire
 .text.__sfp_lock_release
                0x080131f4        0xc C:/ST/STM32CubeIDE_1.19.0/STM32CubeIDE/plugins/com.st.stm32cube.ide.mcu.externaltools.gnu-tools-for-stm32.13.3.rel1.win32_1.0.0.202411081344/tools/bin/../lib/gcc/arm-none-eabi/13.3.1/../../../../arm-none-eabi/lib/thumb/v7e-m+fp/hard\libc_nano.a(libc_a-findfp.o)
                0x080131f4                __sfp_lock_release
 .text.__sinit  0x08013200       0x30 C:/ST/STM32CubeIDE_1.19.0/STM32CubeIDE/plugins/com.st.stm32cube.ide.mcu.externaltools.gnu-tools-for-stm32.13.3.rel1.win32_1.0.0.202411081344/tools/bin/../lib/gcc/arm-none-eabi/13.3.1/../../../../arm-none-eabi/lib/thumb/v7e-m+fp/hard\libc_nano.a(libc_a-findfp.o)
                0x08013200                __sinit
 .text._fwalk_sglue
                0x08013230       0x3c C:/ST/STM32CubeIDE_1.19.0/STM32CubeIDE/plugins/com.st.stm32cube.ide.mcu.externaltools.gnu-tools-for-stm32.13.3.rel1.win32_1.0.0.202411081344/tools/bin/../lib/gcc/arm-none-eabi/13.3.1/../../../../arm-none-eabi/lib/thumb/v7e-m+fp/hard\libc_nano.a(libc_a-fwalk.o)
                0x08013230                _fwalk_sglue
 .text.printf   0x0801326c       0x24 C:/ST/STM32CubeIDE_1.19.0/STM32CubeIDE/plugins/com.st.stm32cube.ide.mcu.externaltools.gnu-tools-for-stm32.13.3.rel1.win32_1.0.0.202411081344/tools/bin/../lib/gcc/arm-none-eabi/13.3.1/../../../../arm-none-eabi/lib/thumb/v7e-m+fp/hard\libc_nano.a(libc_a-printf.o)
                0x0801326c                iprintf
                0x0801326c                printf
 .text._puts_r  0x08013290       0xaa C:/ST/STM32CubeIDE_1.19.0/STM32CubeIDE/plugins/com.st.stm32cube.ide.mcu.externaltools.gnu-tools-for-stm32.13.3.rel1.win32_1.0.0.202411081344/tools/bin/../lib/gcc/arm-none-eabi/13.3.1/../../../../arm-none-eabi/lib/thumb/v7e-m+fp/hard\libc_nano.a(libc_a-puts.o)
                0x08013290                _puts_r
 *fill*         0x0801333a        0x2 
 .text.puts     0x0801333c       0x10 C:/ST/STM32CubeIDE_1.19.0/STM32CubeIDE/plugins/com.st.stm32cube.ide.mcu.externaltools.gnu-tools-for-stm32.13.3.rel1.win32_1.0.0.202411081344/tools/bin/../lib/gcc/arm-none-eabi/13.3.1/../../../../arm-none-eabi/lib/thumb/v7e-m+fp/hard\libc_nano.a(libc_a-puts.o)
                0x0801333c                puts
 .text.snprintf
                0x0801334c       0x6c C:/ST/STM32CubeIDE_1.19.0/STM32CubeIDE/plugins/com.st.stm32cube.ide.mcu.externaltools.gnu-tools-for-stm32.13.3.rel1.win32_1.0.0.202411081344/tools/bin/../lib/gcc/arm-none-eabi/13.3.1/../../../../arm-none-eabi/lib/thumb/v7e-m+fp/hard\libc_nano.a(libc_a-snprintf.o)
                0x0801334c                sniprintf
                0x0801334c                snprintf
 .text.__sread  0x080133b8       0x22 C:/ST/STM32CubeIDE_1.19.0/STM32CubeIDE/plugins/com.st.stm32cube.ide.mcu.externaltools.gnu-tools-for-stm32.13.3.rel1.win32_1.0.0.202411081344/tools/bin/../lib/gcc/arm-none-eabi/13.3.1/../../../../arm-none-eabi/lib/thumb/v7e-m+fp/hard\libc_nano.a(libc_a-stdio.o)
                0x080133b8                __sread
 .text.__swrite
                0x080133da       0x38 C:/ST/STM32CubeIDE_1.19.0/STM32CubeIDE/plugins/com.st.stm32cube.ide.mcu.externaltools.gnu-tools-for-stm32.13.3.rel1.win32_1.0.0.202411081344/tools/bin/../lib/gcc/arm-none-eabi/13.3.1/../../../../arm-none-eabi/lib/thumb/v7e-m+fp/hard\libc_nano.a(libc_a-stdio.o)
                0x080133da                __swrite
 .text.__sseek  0x08013412       0x24 C:/ST/STM32CubeIDE_1.19.0/STM32CubeIDE/plugins/com.st.stm32cube.ide.mcu.externaltools.gnu-tools-for-stm32.13.3.rel1.win32_1.0.0.202411081344/tools/bin/../lib/gcc/arm-none-eabi/13.3.1/../../../../arm-none-eabi/lib/thumb/v7e-m+fp/hard\libc_nano.a(libc_a-stdio.o)
                0x08013412                __sseek
 .text.__sclose
                0x08013436        0x8 C:/ST/STM32CubeIDE_1.19.0/STM32CubeIDE/plugins/com.st.stm32cube.ide.mcu.externaltools.gnu-tools-for-stm32.13.3.rel1.win32_1.0.0.202411081344/tools/bin/../lib/gcc/arm-none-eabi/13.3.1/../../../../arm-none-eabi/lib/thumb/v7e-m+fp/hard\libc_nano.a(libc_a-stdio.o)
                0x08013436                __sclose
 .text.__swbuf_r
                0x0801343e       0x7c C:/ST/STM32CubeIDE_1.19.0/STM32CubeIDE/plugins/com.st.stm32cube.ide.mcu.externaltools.gnu-tools-for-stm32.13.3.rel1.win32_1.0.0.202411081344/tools/bin/../lib/gcc/arm-none-eabi/13.3.1/../../../../arm-none-eabi/lib/thumb/v7e-m+fp/hard\libc_nano.a(libc_a-wbuf.o)
                0x0801343e                __swbuf_r
 *fill*         0x080134ba        0x2 
 .text.__swsetup_r
                0x080134bc       0xac C:/ST/STM32CubeIDE_1.19.0/STM32CubeIDE/plugins/com.st.stm32cube.ide.mcu.externaltools.gnu-tools-for-stm32.13.3.rel1.win32_1.0.0.202411081344/tools/bin/../lib/gcc/arm-none-eabi/13.3.1/../../../../arm-none-eabi/lib/thumb/v7e-m+fp/hard\libc_nano.a(libc_a-wsetup.o)
                0x080134bc                __swsetup_r
 .text.memset   0x08013568       0x10 C:/ST/STM32CubeIDE_1.19.0/STM32CubeIDE/plugins/com.st.stm32cube.ide.mcu.externaltools.gnu-tools-for-stm32.13.3.rel1.win32_1.0.0.202411081344/tools/bin/../lib/gcc/arm-none-eabi/13.3.1/../../../../arm-none-eabi/lib/thumb/v7e-m+fp/hard\libc_nano.a(libc_a-memset.o)
                0x08013568                memset
 .text.strncpy  0x08013578       0x26 C:/ST/STM32CubeIDE_1.19.0/STM32CubeIDE/plugins/com.st.stm32cube.ide.mcu.externaltools.gnu-tools-for-stm32.13.3.rel1.win32_1.0.0.202411081344/tools/bin/../lib/gcc/arm-none-eabi/13.3.1/../../../../arm-none-eabi/lib/thumb/v7e-m+fp/hard\libc_nano.a(libc_a-strncpy.o)
                0x08013578                strncpy
 *fill*         0x0801359e        0x2 
 .text._localeconv_r
                0x080135a0        0x8 C:/ST/STM32CubeIDE_1.19.0/STM32CubeIDE/plugins/com.st.stm32cube.ide.mcu.externaltools.gnu-tools-for-stm32.13.3.rel1.win32_1.0.0.202411081344/tools/bin/../lib/gcc/arm-none-eabi/13.3.1/../../../../arm-none-eabi/lib/thumb/v7e-m+fp/hard\libc_nano.a(libc_a-localeconv.o)
                0x080135a0                _localeconv_r
 .text._close_r
                0x080135a8       0x20 C:/ST/STM32CubeIDE_1.19.0/STM32CubeIDE/plugins/com.st.stm32cube.ide.mcu.externaltools.gnu-tools-for-stm32.13.3.rel1.win32_1.0.0.202411081344/tools/bin/../lib/gcc/arm-none-eabi/13.3.1/../../../../arm-none-eabi/lib/thumb/v7e-m+fp/hard\libc_nano.a(libc_a-closer.o)
                0x080135a8                _close_r
 .text._lseek_r
                0x080135c8       0x24 C:/ST/STM32CubeIDE_1.19.0/STM32CubeIDE/plugins/com.st.stm32cube.ide.mcu.externaltools.gnu-tools-for-stm32.13.3.rel1.win32_1.0.0.202411081344/tools/bin/../lib/gcc/arm-none-eabi/13.3.1/../../../../arm-none-eabi/lib/thumb/v7e-m+fp/hard\libc_nano.a(libc_a-lseekr.o)
                0x080135c8                _lseek_r
 .text._read_r  0x080135ec       0x24 C:/ST/STM32CubeIDE_1.19.0/STM32CubeIDE/plugins/com.st.stm32cube.ide.mcu.externaltools.gnu-tools-for-stm32.13.3.rel1.win32_1.0.0.202411081344/tools/bin/../lib/gcc/arm-none-eabi/13.3.1/../../../../arm-none-eabi/lib/thumb/v7e-m+fp/hard\libc_nano.a(libc_a-readr.o)
                0x080135ec                _read_r
 .text._write_r
                0x08013610       0x24 C:/ST/STM32CubeIDE_1.19.0/STM32CubeIDE/plugins/com.st.stm32cube.ide.mcu.externaltools.gnu-tools-for-stm32.13.3.rel1.win32_1.0.0.202411081344/tools/bin/../lib/gcc/arm-none-eabi/13.3.1/../../../../arm-none-eabi/lib/thumb/v7e-m+fp/hard\libc_nano.a(libc_a-writer.o)
                0x08013610                _write_r
 .text.__errno  0x08013634        0xc C:/ST/STM32CubeIDE_1.19.0/STM32CubeIDE/plugins/com.st.stm32cube.ide.mcu.externaltools.gnu-tools-for-stm32.13.3.rel1.win32_1.0.0.202411081344/tools/bin/../lib/gcc/arm-none-eabi/13.3.1/../../../../arm-none-eabi/lib/thumb/v7e-m+fp/hard\libc_nano.a(libc_a-errno.o)
                0x08013634                __errno
 .text.__libc_init_array
                0x08013640       0x48 C:/ST/STM32CubeIDE_1.19.0/STM32CubeIDE/plugins/com.st.stm32cube.ide.mcu.externaltools.gnu-tools-for-stm32.13.3.rel1.win32_1.0.0.202411081344/tools/bin/../lib/gcc/arm-none-eabi/13.3.1/../../../../arm-none-eabi/lib/thumb/v7e-m+fp/hard\libc_nano.a(libc_a-init.o)
                0x08013640                __libc_init_array
 .text.__retarget_lock_init_recursive
                0x08013688        0x2 C:/ST/STM32CubeIDE_1.19.0/STM32CubeIDE/plugins/com.st.stm32cube.ide.mcu.externaltools.gnu-tools-for-stm32.13.3.rel1.win32_1.0.0.202411081344/tools/bin/../lib/gcc/arm-none-eabi/13.3.1/../../../../arm-none-eabi/lib/thumb/v7e-m+fp/hard\libc_nano.a(libc_a-lock.o)
                0x08013688                __retarget_lock_init_recursive
 .text.__retarget_lock_acquire_recursive
                0x0801368a        0x2 C:/ST/STM32CubeIDE_1.19.0/STM32CubeIDE/plugins/com.st.stm32cube.ide.mcu.externaltools.gnu-tools-for-stm32.13.3.rel1.win32_1.0.0.202411081344/tools/bin/../lib/gcc/arm-none-eabi/13.3.1/../../../../arm-none-eabi/lib/thumb/v7e-m+fp/hard\libc_nano.a(libc_a-lock.o)
                0x0801368a                __retarget_lock_acquire_recursive
 .text.__retarget_lock_release_recursive
                0x0801368c        0x2 C:/ST/STM32CubeIDE_1.19.0/STM32CubeIDE/plugins/com.st.stm32cube.ide.mcu.externaltools.gnu-tools-for-stm32.13.3.rel1.win32_1.0.0.202411081344/tools/bin/../lib/gcc/arm-none-eabi/13.3.1/../../../../arm-none-eabi/lib/thumb/v7e-m+fp/hard\libc_nano.a(libc_a-lock.o)
                0x0801368c                __retarget_lock_release_recursive
 *fill*         0x0801368e        0x2 
 .text.__assert_func
                0x08013690       0x3c C:/ST/STM32CubeIDE_1.19.0/STM32CubeIDE/plugins/com.st.stm32cube.ide.mcu.externaltools.gnu-tools-for-stm32.13.3.rel1.win32_1.0.0.202411081344/tools/bin/../lib/gcc/arm-none-eabi/13.3.1/../../../../arm-none-eabi/lib/thumb/v7e-m+fp/hard\libc_nano.a(libc_a-assert.o)
                0x08013690                __assert_func
 .text.quorem   0x080136cc      0x110 C:/ST/STM32CubeIDE_1.19.0/STM32CubeIDE/plugins/com.st.stm32cube.ide.mcu.externaltools.gnu-tools-for-stm32.13.3.rel1.win32_1.0.0.202411081344/tools/bin/../lib/gcc/arm-none-eabi/13.3.1/../../../../arm-none-eabi/lib/thumb/v7e-m+fp/hard\libc_nano.a(libc_a-dtoa.o)
 *fill*         0x080137dc        0x4 
 .text._dtoa_r  0x080137e0      0xba0 C:/ST/STM32CubeIDE_1.19.0/STM32CubeIDE/plugins/com.st.stm32cube.ide.mcu.externaltools.gnu-tools-for-stm32.13.3.rel1.win32_1.0.0.202411081344/tools/bin/../lib/gcc/arm-none-eabi/13.3.1/../../../../arm-none-eabi/lib/thumb/v7e-m+fp/hard\libc_nano.a(libc_a-dtoa.o)
                0x080137e0                _dtoa_r
 .text._free_r  0x08014380       0x94 C:/ST/STM32CubeIDE_1.19.0/STM32CubeIDE/plugins/com.st.stm32cube.ide.mcu.externaltools.gnu-tools-for-stm32.13.3.rel1.win32_1.0.0.202411081344/tools/bin/../lib/gcc/arm-none-eabi/13.3.1/../../../../arm-none-eabi/lib/thumb/v7e-m+fp/hard\libc_nano.a(libc_a-freer.o)
                0x08014380                _free_r
 .text.malloc   0x08014414       0x10 C:/ST/STM32CubeIDE_1.19.0/STM32CubeIDE/plugins/com.st.stm32cube.ide.mcu.externaltools.gnu-tools-for-stm32.13.3.rel1.win32_1.0.0.202411081344/tools/bin/../lib/gcc/arm-none-eabi/13.3.1/../../../../arm-none-eabi/lib/thumb/v7e-m+fp/hard\libc_nano.a(libc_a-malloc.o)
                0x08014414                malloc
 .text.sbrk_aligned
                0x08014424       0x44 C:/ST/STM32CubeIDE_1.19.0/STM32CubeIDE/plugins/com.st.stm32cube.ide.mcu.externaltools.gnu-tools-for-stm32.13.3.rel1.win32_1.0.0.202411081344/tools/bin/../lib/gcc/arm-none-eabi/13.3.1/../../../../arm-none-eabi/lib/thumb/v7e-m+fp/hard\libc_nano.a(libc_a-mallocr.o)
 .text._malloc_r
                0x08014468      0x100 C:/ST/STM32CubeIDE_1.19.0/STM32CubeIDE/plugins/com.st.stm32cube.ide.mcu.externaltools.gnu-tools-for-stm32.13.3.rel1.win32_1.0.0.202411081344/tools/bin/../lib/gcc/arm-none-eabi/13.3.1/../../../../arm-none-eabi/lib/thumb/v7e-m+fp/hard\libc_nano.a(libc_a-mallocr.o)
                0x08014468                _malloc_r
 .text.__malloc_lock
                0x08014568        0xc C:/ST/STM32CubeIDE_1.19.0/STM32CubeIDE/plugins/com.st.stm32cube.ide.mcu.externaltools.gnu-tools-for-stm32.13.3.rel1.win32_1.0.0.202411081344/tools/bin/../lib/gcc/arm-none-eabi/13.3.1/../../../../arm-none-eabi/lib/thumb/v7e-m+fp/hard\libc_nano.a(libc_a-mlock.o)
                0x08014568                __malloc_lock
 .text.__malloc_unlock
                0x08014574        0xc C:/ST/STM32CubeIDE_1.19.0/STM32CubeIDE/plugins/com.st.stm32cube.ide.mcu.externaltools.gnu-tools-for-stm32.13.3.rel1.win32_1.0.0.202411081344/tools/bin/../lib/gcc/arm-none-eabi/13.3.1/../../../../arm-none-eabi/lib/thumb/v7e-m+fp/hard\libc_nano.a(libc_a-mlock.o)
                0x08014574                __malloc_unlock
 .text._Balloc  0x08014580       0x80 C:/ST/STM32CubeIDE_1.19.0/STM32CubeIDE/plugins/com.st.stm32cube.ide.mcu.externaltools.gnu-tools-for-stm32.13.3.rel1.win32_1.0.0.202411081344/tools/bin/../lib/gcc/arm-none-eabi/13.3.1/../../../../arm-none-eabi/lib/thumb/v7e-m+fp/hard\libc_nano.a(libc_a-mprec.o)
                0x08014580                _Balloc
 .text._Bfree   0x08014600       0x44 C:/ST/STM32CubeIDE_1.19.0/STM32CubeIDE/plugins/com.st.stm32cube.ide.mcu.externaltools.gnu-tools-for-stm32.13.3.rel1.win32_1.0.0.202411081344/tools/bin/../lib/gcc/arm-none-eabi/13.3.1/../../../../arm-none-eabi/lib/thumb/v7e-m+fp/hard\libc_nano.a(libc_a-mprec.o)
                0x08014600                _Bfree
 .text.__multadd
                0x08014644       0x8c C:/ST/STM32CubeIDE_1.19.0/STM32CubeIDE/plugins/com.st.stm32cube.ide.mcu.externaltools.gnu-tools-for-stm32.13.3.rel1.win32_1.0.0.202411081344/tools/bin/../lib/gcc/arm-none-eabi/13.3.1/../../../../arm-none-eabi/lib/thumb/v7e-m+fp/hard\libc_nano.a(libc_a-mprec.o)
                0x08014644                __multadd
 .text.__hi0bits
                0x080146d0       0x3e C:/ST/STM32CubeIDE_1.19.0/STM32CubeIDE/plugins/com.st.stm32cube.ide.mcu.externaltools.gnu-tools-for-stm32.13.3.rel1.win32_1.0.0.202411081344/tools/bin/../lib/gcc/arm-none-eabi/13.3.1/../../../../arm-none-eabi/lib/thumb/v7e-m+fp/hard\libc_nano.a(libc_a-mprec.o)
                0x080146d0                __hi0bits
 .text.__lo0bits
                0x0801470e       0x5a C:/ST/STM32CubeIDE_1.19.0/STM32CubeIDE/plugins/com.st.stm32cube.ide.mcu.externaltools.gnu-tools-for-stm32.13.3.rel1.win32_1.0.0.202411081344/tools/bin/../lib/gcc/arm-none-eabi/13.3.1/../../../../arm-none-eabi/lib/thumb/v7e-m+fp/hard\libc_nano.a(libc_a-mprec.o)
                0x0801470e                __lo0bits
 .text.__i2b    0x08014768       0x2c C:/ST/STM32CubeIDE_1.19.0/STM32CubeIDE/plugins/com.st.stm32cube.ide.mcu.externaltools.gnu-tools-for-stm32.13.3.rel1.win32_1.0.0.202411081344/tools/bin/../lib/gcc/arm-none-eabi/13.3.1/../../../../arm-none-eabi/lib/thumb/v7e-m+fp/hard\libc_nano.a(libc_a-mprec.o)
                0x08014768                __i2b
 .text.__multiply
                0x08014794      0x144 C:/ST/STM32CubeIDE_1.19.0/STM32CubeIDE/plugins/com.st.stm32cube.ide.mcu.externaltools.gnu-tools-for-stm32.13.3.rel1.win32_1.0.0.202411081344/tools/bin/../lib/gcc/arm-none-eabi/13.3.1/../../../../arm-none-eabi/lib/thumb/v7e-m+fp/hard\libc_nano.a(libc_a-mprec.o)
                0x08014794                __multiply
 .text.__pow5mult
                0x080148d8       0xb4 C:/ST/STM32CubeIDE_1.19.0/STM32CubeIDE/plugins/com.st.stm32cube.ide.mcu.externaltools.gnu-tools-for-stm32.13.3.rel1.win32_1.0.0.202411081344/tools/bin/../lib/gcc/arm-none-eabi/13.3.1/../../../../arm-none-eabi/lib/thumb/v7e-m+fp/hard\libc_nano.a(libc_a-mprec.o)
                0x080148d8                __pow5mult
 .text.__lshift
                0x0801498c       0xd8 C:/ST/STM32CubeIDE_1.19.0/STM32CubeIDE/plugins/com.st.stm32cube.ide.mcu.externaltools.gnu-tools-for-stm32.13.3.rel1.win32_1.0.0.202411081344/tools/bin/../lib/gcc/arm-none-eabi/13.3.1/../../../../arm-none-eabi/lib/thumb/v7e-m+fp/hard\libc_nano.a(libc_a-mprec.o)
                0x0801498c                __lshift
 .text.__mcmp   0x08014a64       0x36 C:/ST/STM32CubeIDE_1.19.0/STM32CubeIDE/plugins/com.st.stm32cube.ide.mcu.externaltools.gnu-tools-for-stm32.13.3.rel1.win32_1.0.0.202411081344/tools/bin/../lib/gcc/arm-none-eabi/13.3.1/../../../../arm-none-eabi/lib/thumb/v7e-m+fp/hard\libc_nano.a(libc_a-mprec.o)
                0x08014a64                __mcmp
 *fill*         0x08014a9a        0x2 
 .text.__mdiff  0x08014a9c      0x128 C:/ST/STM32CubeIDE_1.19.0/STM32CubeIDE/plugins/com.st.stm32cube.ide.mcu.externaltools.gnu-tools-for-stm32.13.3.rel1.win32_1.0.0.202411081344/tools/bin/../lib/gcc/arm-none-eabi/13.3.1/../../../../arm-none-eabi/lib/thumb/v7e-m+fp/hard\libc_nano.a(libc_a-mprec.o)
                0x08014a9c                __mdiff
 .text.__d2b    0x08014bc4       0xb0 C:/ST/STM32CubeIDE_1.19.0/STM32CubeIDE/plugins/com.st.stm32cube.ide.mcu.externaltools.gnu-tools-for-stm32.13.3.rel1.win32_1.0.0.202411081344/tools/bin/../lib/gcc/arm-none-eabi/13.3.1/../../../../arm-none-eabi/lib/thumb/v7e-m+fp/hard\libc_nano.a(libc_a-mprec.o)
                0x08014bc4                __d2b
 .text.__ssputs_r
                0x08014c74       0xb6 C:/ST/STM32CubeIDE_1.19.0/STM32CubeIDE/plugins/com.st.stm32cube.ide.mcu.externaltools.gnu-tools-for-stm32.13.3.rel1.win32_1.0.0.202411081344/tools/bin/../lib/gcc/arm-none-eabi/13.3.1/../../../../arm-none-eabi/lib/thumb/v7e-m+fp/hard\libc_nano.a(libc_a-nano-svfprintf.o)
                0x08014c74                __ssputs_r
 *fill*         0x08014d2a        0x2 
 .text._svfprintf_r
                0x08014d2c      0x1f8 C:/ST/STM32CubeIDE_1.19.0/STM32CubeIDE/plugins/com.st.stm32cube.ide.mcu.externaltools.gnu-tools-for-stm32.13.3.rel1.win32_1.0.0.202411081344/tools/bin/../lib/gcc/arm-none-eabi/13.3.1/../../../../arm-none-eabi/lib/thumb/v7e-m+fp/hard\libc_nano.a(libc_a-nano-svfprintf.o)
                0x08014d2c                _svfiprintf_r
                0x08014d2c                _svfprintf_r
 .text.__sfputc_r
                0x08014f24       0x2e C:/ST/STM32CubeIDE_1.19.0/STM32CubeIDE/plugins/com.st.stm32cube.ide.mcu.externaltools.gnu-tools-for-stm32.13.3.rel1.win32_1.0.0.202411081344/tools/bin/../lib/gcc/arm-none-eabi/13.3.1/../../../../arm-none-eabi/lib/thumb/v7e-m+fp/hard\libc_nano.a(libc_a-nano-vfprintf.o)
 .text.__sfputs_r
                0x08014f52       0x24 C:/ST/STM32CubeIDE_1.19.0/STM32CubeIDE/plugins/com.st.stm32cube.ide.mcu.externaltools.gnu-tools-for-stm32.13.3.rel1.win32_1.0.0.202411081344/tools/bin/../lib/gcc/arm-none-eabi/13.3.1/../../../../arm-none-eabi/lib/thumb/v7e-m+fp/hard\libc_nano.a(libc_a-nano-vfprintf.o)
                0x08014f52                __sfputs_r
 *fill*         0x08014f76        0x2 
 .text._vfprintf_r
                0x08014f78      0x230 C:/ST/STM32CubeIDE_1.19.0/STM32CubeIDE/plugins/com.st.stm32cube.ide.mcu.externaltools.gnu-tools-for-stm32.13.3.rel1.win32_1.0.0.202411081344/tools/bin/../lib/gcc/arm-none-eabi/13.3.1/../../../../arm-none-eabi/lib/thumb/v7e-m+fp/hard\libc_nano.a(libc_a-nano-vfprintf.o)
                0x08014f78                _vfprintf_r
                0x08014f78                _vfiprintf_r
 .text.__sflush_r
                0x080151a8      0x108 C:/ST/STM32CubeIDE_1.19.0/STM32CubeIDE/plugins/com.st.stm32cube.ide.mcu.externaltools.gnu-tools-for-stm32.13.3.rel1.win32_1.0.0.202411081344/tools/bin/../lib/gcc/arm-none-eabi/13.3.1/../../../../arm-none-eabi/lib/thumb/v7e-m+fp/hard\libc_nano.a(libc_a-fflush.o)
                0x080151a8                __sflush_r
 .text._fflush_r
                0x080152b0       0x50 C:/ST/STM32CubeIDE_1.19.0/STM32CubeIDE/plugins/com.st.stm32cube.ide.mcu.externaltools.gnu-tools-for-stm32.13.3.rel1.win32_1.0.0.202411081344/tools/bin/../lib/gcc/arm-none-eabi/13.3.1/../../../../arm-none-eabi/lib/thumb/v7e-m+fp/hard\libc_nano.a(libc_a-fflush.o)
                0x080152b0                _fflush_r
 .text.fprintf  0x08015300       0x24 C:/ST/STM32CubeIDE_1.19.0/STM32CubeIDE/plugins/com.st.stm32cube.ide.mcu.externaltools.gnu-tools-for-stm32.13.3.rel1.win32_1.0.0.202411081344/tools/bin/../lib/gcc/arm-none-eabi/13.3.1/../../../../arm-none-eabi/lib/thumb/v7e-m+fp/hard\libc_nano.a(libc_a-fprintf.o)
                0x08015300                fiprintf
                0x08015300                fprintf
 .text.__swhatbuf_r
                0x08015324       0x4c C:/ST/STM32CubeIDE_1.19.0/STM32CubeIDE/plugins/com.st.stm32cube.ide.mcu.externaltools.gnu-tools-for-stm32.13.3.rel1.win32_1.0.0.202411081344/tools/bin/../lib/gcc/arm-none-eabi/13.3.1/../../../../arm-none-eabi/lib/thumb/v7e-m+fp/hard\libc_nano.a(libc_a-makebuf.o)
                0x08015324                __swhatbuf_r
 .text.__smakebuf_r
                0x08015370       0x78 C:/ST/STM32CubeIDE_1.19.0/STM32CubeIDE/plugins/com.st.stm32cube.ide.mcu.externaltools.gnu-tools-for-stm32.13.3.rel1.win32_1.0.0.202411081344/tools/bin/../lib/gcc/arm-none-eabi/13.3.1/../../../../arm-none-eabi/lib/thumb/v7e-m+fp/hard\libc_nano.a(libc_a-makebuf.o)
                0x08015370                __smakebuf_r
 .text.memmove  0x080153e8       0x34 C:/ST/STM32CubeIDE_1.19.0/STM32CubeIDE/plugins/com.st.stm32cube.ide.mcu.externaltools.gnu-tools-for-stm32.13.3.rel1.win32_1.0.0.202411081344/tools/bin/../lib/gcc/arm-none-eabi/13.3.1/../../../../arm-none-eabi/lib/thumb/v7e-m+fp/hard\libc_nano.a(libc_a-memmove.o)
                0x080153e8                memmove
 .text._fstat_r
                0x0801541c       0x24 C:/ST/STM32CubeIDE_1.19.0/STM32CubeIDE/plugins/com.st.stm32cube.ide.mcu.externaltools.gnu-tools-for-stm32.13.3.rel1.win32_1.0.0.202411081344/tools/bin/../lib/gcc/arm-none-eabi/13.3.1/../../../../arm-none-eabi/lib/thumb/v7e-m+fp/hard\libc_nano.a(libc_a-fstatr.o)