../Core/Src/main.c:184:6:move_steps_pwm	16	static
../Core/Src/main.c:197:5:auth_received	4	static
../Core/Src/main.c:205:12:minutes_of_day	16	static
../Core/Src/main.c:210:12:get_active_schedule_start_minute	24	static
../Core/Src/main.c:216:12:medication_due_now	24	static
../Core/Src/main.c:222:12:medication_overdue_now	24	static
../Core/Src/main.c:230:17:medication_late_minutes	24	static
../Core/Src/main.c:242:6:Audio_Stop	8	static
../Core/Src/main.c:251:13:push_dose_history	24	static
../Core/Src/main.c:269:13:reset_daily_dose_state	4	static
../Core/Src/main.c:277:13:rollover_daily_dose_if_needed	24	static
../Core/Src/main.c:300:13:record_dispense	40	static
../Core/Src/main.c:326:6:HAL_TIM_PeriodElapsedCallback	16	static
../Core/Src/main.c:421:6:HAL_DAC_ConvCpltCallbackCh1	16	static
../Core/Src/main.c:430:6:Audio_Play	24	static
../Core/Src/main.c:436:6:Audio_PlayFile	688	static
../Core/Src/main.c:542:6:HAL_GPIO_EXTI_Callback	16	static
../Core/Src/main.c:554:5:main	144	static
../Core/Src/main.c:1290:6:SystemClock_Config	96	static
../Core/Src/main.c:1342:13:MX_DAC1_Init	48	static
../Core/Src/main.c:1386:13:MX_LPUART1_UART_Init	8	static
../Core/Src/main.c:1434:13:MX_UART4_Init	8	static
../Core/Src/main.c:1482:13:MX_USART1_UART_Init	8	static
../Core/Src/main.c:1530:13:MX_RTC_Init	32	static
../Core/Src/main.c:1594:13:MX_SPI1_Init	8	static
../Core/Src/main.c:1634:13:MX_SPI2_Init	8	static
../Core/Src/main.c:1674:13:MX_SPI3_Init	8	static
../Core/Src/main.c:1714:13:MX_TIM4_Init	64	static
../Core/Src/main.c:1773:13:MX_TIM6_Init	24	static
../Core/Src/main.c:1809:13:MX_DMA_Init	16	static
../Core/Src/main.c:1837:13:MX_GPIO_Init	64	static
../Core/Src/main.c:2105:1:__io_putchar	16	static
../Core/Src/main.c:2112:6:Buzzer_Buzz	24	static
../Core/Src/main.c:2131:6:Error_Handler	4	static,ignoring_inline_asm
