../Core/Src/sd_functions.c:29:5:sd_get_space_kb	40	static
../Core/Src/sd_functions.c:43:5:sd_mount	16	static
../Core/Src/sd_functions.c:85:5:sd_unmount	16	static
../Core/Src/sd_functions.c:93:5:sd_write_file	592	static
../Core/Src/sd_functions.c:105:5:sd_append_file	592	static
../Core/Src/sd_functions.c:123:5:sd_read_file	600	static
../Core/Src/sd_functions.c:158:5:sd_read_csv	744	static
../Core/Src/sd_functions.c:201:5:sd_delete_file	24	static
../Core/Src/sd_functions.c:207:5:sd_rename_file	24	static
../Core/Src/sd_functions.c:213:9:sd_create_directory	24	static
../Core/Src/sd_functions.c:219:6:sd_list_directory_recursive	232	static
../Core/Src/sd_functions.c:248:6:sd_list_files	8	static
